###############################################################
#  Generated by:      Cadence Innovus 21.11-s130_1
#  OS:                Linux x86_64(Host ID et4351.ewi.tudelft.nl)
#  Generated on:      Tue Apr  7 16:30:21 2026
#  Design:            et4351
#  Command:           report_ccopt_clock_trees -file clockReports/CT.rpt
###############################################################

Clock DAG stats:
================

-------------------------------------------------------------
Cell type                     Count    Area       Capacitance
-------------------------------------------------------------
Buffers                        101     662.454       0.174
Inverters                        0       0.000       0.000
Integrated Clock Gates           0       0.000       0.000
Non-Integrated Clock Gates       0       0.000       0.000
Clock Logic                      1       3.078       0.001
All                            102     665.532       0.175
-------------------------------------------------------------


Clock DAG wire lengths:
=======================

--------------------
Type     Wire Length
--------------------
Top           0.000
Trunk      3919.530
Leaf      31869.305
Total     35788.835
--------------------


Clock DAG hp wire lengths:
==========================

-----------------------
Type     hp Wire Length
-----------------------
Top            0.000
Trunk       2444.090
Leaf        8239.208
Total      10683.298
-----------------------


Clock DAG capacitances:
=======================

--------------------------------
Type     Gate     Wire     Total
--------------------------------
Top      0.000    0.000    0.000
Trunk    0.175    0.253    0.429
Leaf     1.747    2.272    4.019
Total    1.923    2.525    4.447
--------------------------------


Clock DAG sink capacitances:
============================

--------------------------------------------------------
Count    Total    Average    Std. Dev.    Min      Max
--------------------------------------------------------
7249     1.747     0.000       0.001      0.000    0.050
--------------------------------------------------------


Clock DAG net violations:
=========================

None


Clock DAG primary half-corner transition distribution:
======================================================

-----------------------------------------------------------------------------------------------------------------------------------------------------------------
Net Type    Target    Count    Average    Std. Dev.    Min      Max      Distribution                                                                 Over Target
-----------------------------------------------------------------------------------------------------------------------------------------------------------------
Trunk       0.071      27       0.035       0.024      0.000    0.070    {16 <= 0.042ns, 1 <= 0.056ns, 6 <= 0.064ns, 3 <= 0.067ns, 1 <= 0.071ns}           -
Leaf        0.071      82       0.065       0.004      0.044    0.070    {0 <= 0.042ns, 4 <= 0.056ns, 29 <= 0.064ns, 22 <= 0.067ns, 27 <= 0.071ns}         -
-----------------------------------------------------------------------------------------------------------------------------------------------------------------


Clock DAG library cell distribution:
====================================

---------------------------------------------
Name            Type      Inst     Inst Area 
                          Count    (um^2)
---------------------------------------------
CLKBUFX20LVT    buffer     47       385.776
CLKBUFX16LVT    buffer     33       225.720
CLKBUFX12LVT    buffer      2        10.260
CLKBUFX6LVT     buffer      4        12.312
CLKBUFX4LVT     buffer      1         2.394
CLKBUFX3LVT     buffer      6        12.312
BUFX2LVT        buffer      8        13.680
MX2X2LVT        logic       1         3.078
---------------------------------------------



Please note that the following tables reflect only the defined clock trees, so the flop counts might not include all flops in your design.

Clock Tree Summary:
===================

------------------------------------------------------------------------------------------------------------------------------------------------------------
Clock Tree                      Clock  Bufs  Invs  Other  Max       Max     Max      Max          Standard   Wire   Gate   Clock Tree Root
Name                            Gates              Clock  Non-leaf  Leaf    Length   Source-sink  cell area  cap    cap    
                                                   Cells  Fanout    Fanout  (um)     Resistance   (um^2)     (pF)   (pF)   
                                                                                     (Ohms)                                
------------------------------------------------------------------------------------------------------------------------------------------------------------
clk                               0    101    0      1       12      100    618.32     5062.62     665.532   2.525  1.923  clk
clk_generator_for_flash_clk<1>    0      5    0      1        2        2    180.265    1755.3       19.152   0.032  0.054  soc/spimemio/config_clk_reg/Q
clk_generator_for_flash_clk<2>    0      5    0      1        2       13    180.265    1755.3       20.520   0.039  0.059  soc/spimemio/xfer/flash_clk_reg/Q
clk_generator_for_flash_clk<3>    0      6    0      1        2        8    180.265    1755.3       21.204   0.038  0.058  soc/spimemio/config_en_reg/Q
------------------------------------------------------------------------------------------------------------------------------------------------------------

Clock Sink Summary:
===================

---------------------------------------------------------------------------------------------------------------------------------------------------------------
Clock Tree                      Explicit      Implicit      Explicit     Implicit     Explicit   Implicit   Posedge  Negedge  Memory  Enable  Non enable  Other
Name                            exclude pins  exclude pins  ignore pins  ignore pins  stop pins  stop pins  Flops    Flops    Clock   Latch   Latch       Sinks
                                                                                                                              Pins    Sinks   Sinks       
---------------------------------------------------------------------------------------------------------------------------------------------------------------
clk                                  0             0             0            0           0          0       7218       4       4       0         0        23
clk_generator_for_flash_clk<1>       0             0             1            0           0          0          0       0       0       0         0         3
clk_generator_for_flash_clk<2>       0             0            12            0           0          0          0       0       0       0         0        14
clk_generator_for_flash_clk<3>       0             0            10            0           0          0          0       0       0       0         0        10
---------------------------------------------------------------------------------------------------------------------------------------------------------------

Summary across all clock trees:
===============================

------------------------------------------------------------------------------------------------------------
Clock  Bufs  Invs  Other  Max       Average   Max     Average  Max      Max          Standard   Wire   Gate
Gates              Clock  Non-leaf  Non-leaf  Leaf    Leaf     Length   Source-sink  cell area  cap    cap
                   Cells  Fanout    Fanout    Fanout  Fanout   (um)     Resistance   (um^2)     (pF)   (pF)
                                                                        (Ohms)                         
------------------------------------------------------------------------------------------------------------
  0    101    0      1       12      4.375     100    88.4268  618.320    506.262     665.532   2.525  1.923
------------------------------------------------------------------------------------------------------------

Clock Sink Summary across all clock trees:
==========================================

-------------------------------------------------------------------------------------------------------------------------------
Explicit      Implicit      Explicit     Implicit     Explicit   Implicit   Posedge  Negedge  Memory  Enable  Non enable  Other
exclude pins  exclude pins  ignore pins  ignore pins  stop pins  stop pins  Flops    Flops    Clock   Latch   Latch       Sinks
                                                                                              Pins    Sinks   Sinks       
-------------------------------------------------------------------------------------------------------------------------------
     0             0            23            0           0          0       7218       4       4       0         0        23
-------------------------------------------------------------------------------------------------------------------------------

Physical metrics across all clock trees:
========================================

-----------------------------------------------------------------------
Metric                               Minimum  Average  Maximum  Std.dev
-----------------------------------------------------------------------
Source-sink routed net length (um)    0.400    87.251  618.320  69.686
Source-sink manhattan distance (um)   0.745    84.230  618.395  69.257
Source-sink resistance (Ohm)          0.491   138.645  506.262  59.727
-----------------------------------------------------------------------

Transition distribution for half-corner delay_max:setup.late:
=============================================================

-----------------------------------------------------------------------------------------------------------------------------------------------------------------
Net Type    Target    Count    Average    Std. Dev.    Min      Max      Distribution                                                                 Over Target
-----------------------------------------------------------------------------------------------------------------------------------------------------------------
Trunk       0.071      24       0.039       0.021      0.013    0.070    {13 <= 0.042ns, 1 <= 0.056ns, 6 <= 0.064ns, 3 <= 0.067ns, 1 <= 0.071ns}           -
Leaf        0.071      82       0.065       0.004      0.044    0.070    {0 <= 0.042ns, 4 <= 0.056ns, 29 <= 0.064ns, 22 <= 0.067ns, 27 <= 0.071ns}         -
-----------------------------------------------------------------------------------------------------------------------------------------------------------------

Count of violations across all clock trees:
===========================================

-----------------------------------------------------------------------------------------------------------
Clock Tree                      # Max capacitance  # Max resistance  # Max length  # Max fanout  # Slew
Name                            violations         violations        violations    violations    violations
-----------------------------------------------------------------------------------------------------------
clk                                     0                 0               0             0            0
clk_generator_for_flash_clk<1>          0                 0               0             0            0
clk_generator_for_flash_clk<2>          0                 0               0             0            0
clk_generator_for_flash_clk<3>          0                 0               0             0            0
-----------------------------------------------------------------------------------------------------------
Total                                   0                 0               0             0            0
-----------------------------------------------------------------------------------------------------------

Note the above table per clock tree is based on CCOpt clock tree view. The violations are counted across half corners.

Found a total of 0 clock tree pins with max capacitance violations.
Found a total of 0 clock tree nets with max resistance violations.
Found a total of 0 clock tree nets with max length violations.
Found a total of 0 clock tree nets with max fanout violations.
Found a total of 0 clock tree pins with a slew violation.

Report for clock tree: clk:
===========================

Clock Tree Gating Structure (Logical):

# Full cycle clock gates   : 0
Minimum clock gating depth : 0
Maximum clock gating depth : 0
Clock gate area (um^2)     : 0.000

Clock Tree Buffering Structure (Logical):

# Buffers             : 101
# Inverters           :   0
  Total               : 101
Minimum depth         :   1
Maximum depth         :   8
Buffering area (um^2) : 662.454

Clock Tree Level Structure (Logical):

-----------------------------------------------------------------
Level  Full   Posedge  Negedge  Memory  Enable  Non enable  Other
       Cycle  Flops    Flops    Clock   Latch   Latch       Sinks
                                Pins    Sinks   Sinks       
-----------------------------------------------------------------
root     0     7218       4       4       0         0        23
-----------------------------------------------------------------
Total    0     7218       4       4       0         0        23
-----------------------------------------------------------------

Target and measured clock slews (in ns):

------------------------------------------------------------------------------------------------------------------------------------
Timing Corner          Worst Rising  Worst Falling  Worst Rising  Worst Falling  Leaf Slew      Leaf Slew  Trunk Slew     Trunk Slew
                       Leaf Slew     Leaf Slew      Trunk Slew    Trunk Slew     Target Type    Target     Target Type    Target
------------------------------------------------------------------------------------------------------------------------------------
delay_max:setup.early     0.064          0.069         0.061          0.069      ignored            -      ignored            -
delay_max:setup.late      0.064          0.070         0.062          0.070      auto computed   0.071     auto computed   0.071
delay_min:hold.early      0.026          0.024         0.024          0.022      ignored            -      ignored            -
delay_min:hold.late       0.028          0.026         0.026          0.024      ignored            -      ignored            -
delay_typ:both.early      0.026          0.024         0.024          0.022      ignored            -      ignored            -
delay_typ:both.late       0.028          0.026         0.026          0.024      ignored            -      ignored            -
------------------------------------------------------------------------------------------------------------------------------------

Report for clock tree: clk_generator_for_flash_clk<1>:
======================================================

Clock Tree Gating Structure (Logical):

# Full cycle clock gates   : 0
Minimum clock gating depth : 0
Maximum clock gating depth : 0
Clock gate area (um^2)     : 0.000

Clock Tree Buffering Structure (Logical):

# Buffers             :  5
# Inverters           :  0
  Total               :  5
Minimum depth         :  2
Maximum depth         :  5
Buffering area (um^2) : 16.074

Clock Tree Level Structure (Logical):

-----------------------------------------------------------------
Level  Full   Posedge  Negedge  Memory  Enable  Non enable  Other
       Cycle  Flops    Flops    Clock   Latch   Latch       Sinks
                                Pins    Sinks   Sinks       
-----------------------------------------------------------------
root     0       0        0       0       0         0         3
-----------------------------------------------------------------
Total    0       0        0       0       0         0         3
-----------------------------------------------------------------

Target and measured clock slews (in ns):

------------------------------------------------------------------------------------------------------------------------------------
Timing Corner          Worst Rising  Worst Falling  Worst Rising  Worst Falling  Leaf Slew      Leaf Slew  Trunk Slew     Trunk Slew
                       Leaf Slew     Leaf Slew      Trunk Slew    Trunk Slew     Target Type    Target     Target Type    Target
------------------------------------------------------------------------------------------------------------------------------------
delay_max:setup.early     0.059          0.065         0.061          0.069      ignored            -      ignored            -
delay_max:setup.late      0.059          0.066         0.062          0.070      auto computed   0.071     auto computed   0.071
delay_min:hold.early      0.022          0.022         0.021          0.020      ignored            -      ignored            -
delay_min:hold.late       0.022          0.022         0.023          0.021      ignored            -      ignored            -
delay_typ:both.early      0.022          0.022         0.021          0.020      ignored            -      ignored            -
delay_typ:both.late       0.022          0.022         0.023          0.021      ignored            -      ignored            -
------------------------------------------------------------------------------------------------------------------------------------

Report for clock tree: clk_generator_for_flash_clk<2>:
======================================================

Clock Tree Gating Structure (Logical):

# Full cycle clock gates   : 0
Minimum clock gating depth : 0
Maximum clock gating depth : 0
Clock gate area (um^2)     : 0.000

Clock Tree Buffering Structure (Logical):

# Buffers             :  5
# Inverters           :  0
  Total               :  5
Minimum depth         :  2
Maximum depth         :  5
Buffering area (um^2) : 17.442

Clock Tree Level Structure (Logical):

-----------------------------------------------------------------
Level  Full   Posedge  Negedge  Memory  Enable  Non enable  Other
       Cycle  Flops    Flops    Clock   Latch   Latch       Sinks
                                Pins    Sinks   Sinks       
-----------------------------------------------------------------
root     0       0        0       0       0         0        14
-----------------------------------------------------------------
Total    0       0        0       0       0         0        14
-----------------------------------------------------------------

Target and measured clock slews (in ns):

------------------------------------------------------------------------------------------------------------------------------------
Timing Corner          Worst Rising  Worst Falling  Worst Rising  Worst Falling  Leaf Slew      Leaf Slew  Trunk Slew     Trunk Slew
                       Leaf Slew     Leaf Slew      Trunk Slew    Trunk Slew     Target Type    Target     Target Type    Target
------------------------------------------------------------------------------------------------------------------------------------
delay_max:setup.early     0.059          0.065         0.061          0.069      ignored            -      ignored            -
delay_max:setup.late      0.059          0.066         0.062          0.070      auto computed   0.071     auto computed   0.071
delay_min:hold.early      0.022          0.022         0.021          0.020      ignored            -      ignored            -
delay_min:hold.late       0.022          0.022         0.023          0.021      ignored            -      ignored            -
delay_typ:both.early      0.022          0.022         0.021          0.020      ignored            -      ignored            -
delay_typ:both.late       0.022          0.022         0.023          0.021      ignored            -      ignored            -
------------------------------------------------------------------------------------------------------------------------------------

Report for clock tree: clk_generator_for_flash_clk<3>:
======================================================

Clock Tree Gating Structure (Logical):

# Full cycle clock gates   : 0
Minimum clock gating depth : 0
Maximum clock gating depth : 0
Clock gate area (um^2)     : 0.000

Clock Tree Buffering Structure (Logical):

# Buffers             :  6
# Inverters           :  0
  Total               :  6
Minimum depth         :  3
Maximum depth         :  5
Buffering area (um^2) : 18.126

Clock Tree Level Structure (Logical):

-----------------------------------------------------------------
Level  Full   Posedge  Negedge  Memory  Enable  Non enable  Other
       Cycle  Flops    Flops    Clock   Latch   Latch       Sinks
                                Pins    Sinks   Sinks       
-----------------------------------------------------------------
root     0       0        0       0       0         0        10
-----------------------------------------------------------------
Total    0       0        0       0       0         0        10
-----------------------------------------------------------------

Target and measured clock slews (in ns):

------------------------------------------------------------------------------------------------------------------------------------
Timing Corner          Worst Rising  Worst Falling  Worst Rising  Worst Falling  Leaf Slew      Leaf Slew  Trunk Slew     Trunk Slew
                       Leaf Slew     Leaf Slew      Trunk Slew    Trunk Slew     Target Type    Target     Target Type    Target
------------------------------------------------------------------------------------------------------------------------------------
delay_max:setup.early     0.059          0.065         0.061          0.069      ignored            -      ignored            -
delay_max:setup.late      0.059          0.066         0.062          0.070      auto computed   0.071     auto computed   0.071
delay_min:hold.early      0.022          0.022         0.021          0.020      ignored            -      ignored            -
delay_min:hold.late       0.022          0.022         0.023          0.021      ignored            -      ignored            -
delay_typ:both.early      0.022          0.022         0.021          0.020      ignored            -      ignored            -
delay_typ:both.late       0.022          0.022         0.023          0.021      ignored            -      ignored            -
------------------------------------------------------------------------------------------------------------------------------------

* - indicates that target was not met.

auto extracted - target was extracted from SDC.
auto computed - target was computed when balancing trees.

