============================================================
  Generated by:           Genus(TM) Synthesis Solution 21.10-p002_1
  Generated on:           Apr 07 2026  04:03:02 pm
  Module:                 et4351
  Technology libraries:   slow_vdd1v2 1.0
                          saed32sram_ss0p95vn40c 1.0000000
                          physical_cells 
  Operating conditions:   PVT_1P08V_125C 
  Interconnect mode:      global
  Area mode:              physical library
============================================================


 	 External Delays & Exceptions
	 ---------------------------- 
                                Rise      Fall                 Ext Delay                            Exception               
   Port      Dir     Clock     Delay     Delay                  Object                             Object/Type              
----------------------------------------------------------------------------------------------------------------------------
 clk        in     clk             0.0  no_value  create_clock_delay_domain_1_clk_R_0                                   N/A 
                   clk        no_value       0.0  create_clock_delay_domain_1_clk_F_0                                       
 resetn     in     N/A             N/A       N/A  N/A                                  zipped_path_disable_0 (path_disable) 
 ser_rx     in     N/A             N/A       N/A  N/A                                  zipped_path_disable_0 (path_disable) 
 ser_tx     out    N/A             N/A       N/A  N/A                                     et4351.sdc_line_64 (path_disable) 
 flash_csb  out    flash_clk    5000.0    5000.0  et4351.sdc_line_72                                                    N/A 
                   flash_clk  no_value  no_value  et4351.sdc_line_73                                                        
 flash_clk  out    N/A             N/A       N/A  N/A                                                                   N/A 
 flash_io0  inout  flash_clk    9000.0    9000.0  et4351.sdc_line_68                                                    N/A 
                   flash_clk  no_value  no_value  et4351.sdc_line_69                                                        
                   flash_clk    5000.0    5000.0  et4351.sdc_line_70                                                        
                   flash_clk  no_value  no_value  et4351.sdc_line_71                                                        
 flash_io1  inout  flash_clk    9000.0    9000.0  et4351.sdc_line_68_1_1                                                N/A 
                   flash_clk  no_value  no_value  et4351.sdc_line_69_3_1                                                    
                   flash_clk    5000.0    5000.0  et4351.sdc_line_70_5_1                                                    
                   flash_clk  no_value  no_value  et4351.sdc_line_71_7_1                                                    
 flash_io2  inout  flash_clk    9000.0    9000.0  et4351.sdc_line_68_2_1                                                N/A 
                   flash_clk  no_value  no_value  et4351.sdc_line_69_4_1                                                    
                   flash_clk    5000.0    5000.0  et4351.sdc_line_70_6_1                                                    
                   flash_clk  no_value  no_value  et4351.sdc_line_71_8_1                                                    
 flash_io3  inout  flash_clk    9000.0    9000.0  et4351.sdc_line_68_3_1                                                N/A 
                   flash_clk  no_value  no_value  et4351.sdc_line_69_5_1                                                    
                   flash_clk    5000.0    5000.0  et4351.sdc_line_70_7_1                                                    
                   flash_clk  no_value  no_value  et4351.sdc_line_71_9_1                                                    
 flash_io0  inout  flash_clk    9000.0    9000.0  et4351.sdc_line_68                                                    N/A 
                   flash_clk  no_value  no_value  et4351.sdc_line_69                                                        
                   flash_clk    5000.0    5000.0  et4351.sdc_line_70                                                        
                   flash_clk  no_value  no_value  et4351.sdc_line_71                                                        
 flash_io1  inout  flash_clk    9000.0    9000.0  et4351.sdc_line_68_1_1                                                N/A 
                   flash_clk  no_value  no_value  et4351.sdc_line_69_3_1                                                    
                   flash_clk    5000.0    5000.0  et4351.sdc_line_70_5_1                                                    
                   flash_clk  no_value  no_value  et4351.sdc_line_71_7_1                                                    
 flash_io2  inout  flash_clk    9000.0    9000.0  et4351.sdc_line_68_2_1                                                N/A 
                   flash_clk  no_value  no_value  et4351.sdc_line_69_4_1                                                    
                   flash_clk    5000.0    5000.0  et4351.sdc_line_70_6_1                                                    
                   flash_clk  no_value  no_value  et4351.sdc_line_71_8_1                                                    
 flash_io3  inout  flash_clk    9000.0    9000.0  et4351.sdc_line_68_3_1                                                N/A 
                   flash_clk  no_value  no_value  et4351.sdc_line_69_5_1                                                    
                   flash_clk    5000.0    5000.0  et4351.sdc_line_70_7_1                                                    
                   flash_clk  no_value  no_value  et4351.sdc_line_71_9_1                                                    


 	 External Loads 
	 -------------- 
                   Pin  Wire Fanout 
   Port      Dir   Cap   Cap  Load  
------------------------------------
 clk        in      0.0  0.0        
 resetn     in      0.0  0.0        
 ser_rx     in      0.0  0.0        
 ser_tx     out    50.0  3.9        
 flash_csb  out    50.0  3.9        
 flash_clk  out    50.0  3.9        
 flash_io0  inout  50.0  3.9        
 flash_io1  inout  50.0  3.9        
 flash_io2  inout  50.0  3.9        
 flash_io3  inout  50.0  3.9        


 	 External Driver/Slew
	 -------------------- 
                  External External                   Timing 
                   Driver   Driver    Slew     Slew    Case   Ideal  
   Port      Dir  Max-Rise Max-Fall Max-Rise Max-Fall  Value  Driver 
---------------------------------------------------------------------
 clk        in                           0.0      0.0         false  
 resetn     in                           0.0      0.0         false  
 ser_rx     in                           0.0      0.0         false  
 ser_tx     out                          0.0      0.0         false  
 flash_csb  out                          0.0      0.0         false  
 flash_clk  out                          0.0      0.0         false  
 flash_io0  inout                        0.0      0.0         false  
 flash_io1  inout                        0.0      0.0         false  
 flash_io2  inout                        0.0      0.0         false  
 flash_io3  inout                        0.0      0.0         false  
 flash_io0  inout                        0.0      0.0         false  
 flash_io1  inout                        0.0      0.0         false  
 flash_io2  inout                        0.0      0.0         false  
 flash_io3  inout                        0.0      0.0         false  
