
Cadence Innovus(TM) Implementation System.
Copyright 2021 Cadence Design Systems, Inc. All rights reserved worldwide.

Version:	v21.11-s130_1, built Thu Aug 19 16:59:56 PDT 2021
Options:	-log extLogDir/IQuantus_09-Apr-2026_20:04:00_4160691_cRvWpe/extr.et4351.1.parallel_processing_0.log -noMultiCpuLicCheckout -DP -x 0001B027D7... -edpId 0 -edpHost et4351.ewi.tudelft.nl -edpPort 45589 -nowin -nologv -init /home/nfs/vrameshselvam/final_iteration/pnr/.4160691_soce_slave_0 
Date:		Thu Apr  9 20:09:06 2026
Host:		et4351.ewi.tudelft.nl (x86_64 w/Linux 4.18.0-553.111.1.el8_10.x86_64) (1core*64cpus*AMD EPYC 7702P 64-Core Processor 512KB)
OS:		Red Hat Enterprise Linux release 8.10 (Ootpa)

License:
		[20:09:06.316810] Configured Lic search path (20.02-p002): 27012@flexserv1.tudelft.nl:27017@flexserv1.tudelft.nl

		Running innovus (-x) with Innovus_Impl_System capability.
The soft stacksize limit is either up to the hard limit or larger than 0.2% of RAM. No change is needed.

**INFO:  MMMC transition support version v31-84 

<CMD> set_global _enable_mmmc_by_default_flow      $CTE::mmmc_default
<CMD> suppressMessage ENCEXT-2799
Sourcing file "/home/nfs/vrameshselvam/final_iteration/pnr/.4160691_soce_slave_0" ...
<CMD> setLimitedAccessFeature invsHierModuleModel 1
**WARN: (IMPSE-524):	The feature invsHierModuleModel is now a Production feature. The use of 'setLimitedAccessFeature invsHierModuleModel 1' is no longer required.
EDP: start server on et4351.ewi.tudelft.nl:47241
Thu Apr  9 20:09:27 2026: Successfully connected to the master.
sending server data to client et4351.ewi.tudelft.nl 47241 0 135377 

Started sub-activity 0 out of 4 for Extraction...

INFO (EXTIQUANTUS-101) : 
  Integrated Quantus - 64-bit Parasitic Extractor - Version 20.1.2-s578
-------------------------------------------------------------------------
               Copyright 2021 Cadence Design Systems, Inc.


INFO (EXTIQUANTUS-103) : Starting at 2026-Apr-09 20:09:28 (2026-Apr-09 18:09:28 GMT).

INFO (EXTIQUANTUS-159) : Loading technology data from file:
 
/data/Cadence/gpdk045_v60/gsclib045_svt_v4.7/gsclib045_tech/qrc/qx/gpdk045.tch

INFO (EXTIQUANTUS-289) : Loading RCgen extraction models from file:
 
/data/Cadence/gpdk045_v60/gsclib045_svt_v4.7/gsclib045_tech/qrc/qx/gpdk045.tch

INFO (EXTIQUANTUS-345) : Checking Command/Tech/License Files. 

INFO (EXTIQUANTUS-105) : Starting design extraction....

INFO (EXTIQUANTUS-282) : Checking Command/Tech Files. 

INFO (EXTIQUANTUS-277) : Manufacturing Data Information :- 
  DEF/GDS file 
    does NOT contain MetalFill data. 
  Techfile  
    does NOT contain WEE data.     
    does NOT contain Erosion data t=f( density ) 
    does NOT contain R(w) data.    
    does NOT contain R(w, s) data.  
    does NOT contain TC(w) data.    
    does NOT contain T/B enlargement data. 
    does     contain Floating Metal Fill models. 

INFO (EXTIQUANTUS-287) : Capacitance Models Information :- 
 ICECAPS models are not available. 
 RCgen   models are     available. 
 This IQuantus session uses RCgen models.

INFO (EXTIQUANTUS-286) : RCs effects computed for this session include :- 
 MetalFill        : OFF 
 WEE Effects      : n/a 
 Erosion Effects  : n/a t=f( density ) 
 T/B Enlargements : n/a 
 R(w) Effects     : n/a 
 R(w,s) Effects   : n/a 
 TC(w) Effects     : n/a 
Some effects indicate n/a because of non-availability of relevantinput data
(or) requested to be off (and/or) usage of older Icecaps models.

INFO (EXTHPY-103) : Extracting capacitance values.

INFO (EXTHPY-104) :    0%

INFO (EXTHPY-104) :    8%

INFO (EXTHPY-104) :    17%

INFO (EXTHPY-104) :    25%

INFO (EXTHPY-104) :    33%

INFO (EXTHPY-104) :    42%

INFO (EXTHPY-104) :    50%

INFO (EXTHPY-104) :    58%

INFO (EXTHPY-104) :    67%

INFO (EXTHPY-104) :    75%

INFO (EXTHPY-104) :    83%

INFO (EXTHPY-104) :    92%

INFO (EXTHPY-104) :    100%

Ending at 2026-Apr-09 20:09:50 (2026-Apr-09 18:09:50 GMT).
  Executed by:           vrameshselvam
  Execution host:        et4351.ewi.tudelft.nl
  Run duration:          00:00:22 CPU time, 00:00:22 clock time
  Memory used:           8216 Mb

  Warning messages:      0
  Error messages:        0
  Fatal error messages:  0

Exit code 0.
IQuantus exited successfully.
Sub-activity 0 of Extraction Successfully Completed.

*** Memory Usage v#1 (Current mem = 4444.949M, initial mem = 1330.535M) ***
*** Message Summary: 1 warning(s), 0 error(s)

--- Ending "Innovus" (totcpu=0:00:39.8, real=0:00:52.0, mem=4444.9M) ---
