============================================================
  Generated by:           Genus(TM) Synthesis Solution 21.10-p002_1
  Generated on:           Apr 09 2026  06:24:43 pm
  Module:                 et4351
  Technology libraries:   slow_vdd1v2 1.0
                          saed32sram_ss0p95vn40c 1.0000000
                          physical_cells 
  Operating conditions:   PVT_1P08V_125C 
  Interconnect mode:      global
  Area mode:              physical library
============================================================

                                                   Wire      Wire   Wireload 
               Net               Loads   Drivers Cap(fF) Res(k-ohm)    Model 
-----------------------------------------------------------------------------
accel/fft/n_3                      130         1   246.1      0.447          
accel/fft/n_1364                   126         1   238.6      0.433          
soc/cpu/n_32                       119         1   225.4      0.409          
accel/fft/n_74                     118         1   223.6      0.406          
accel/fft/n_0                      116         1   219.8      0.399          
soc/cpu/genblk1.pcpi_mul/n_136     110         1   208.5      0.378          
soc/cpu/n_119                      110         1   208.5      0.378          
accel/fft/n_2                      108         1   204.8      0.372          
accel/fft/n_2382                   104         1   197.3      0.358          
accel/fft/n_77                     103         1   195.4      0.355          
accel/fft/n_54                      98         1   186.0      0.338          
soc/cpu/genblk2.pcpi_div/n_13       96         1   182.2      0.331          
soc/cpu/genblk2.pcpi_div/n_16       94         1   178.5      0.324          
accel/fft/n_42                      81         1   154.1      0.280          
accel/n_338                         75         1   142.8      0.259          
accel/fft/n_1933                    74         1   140.9      0.256          
accel/fft/n_1997                    72         1   137.2      0.249          
accel/fft/n_1901                    71         1   135.3      0.246          
accel/fft/n_1215                    69         1   131.5      0.239          
accel/fft/n_2029                    69         1   131.5      0.239          
accel/fft/n_2061                    69         1   131.5      0.239          
soc/cpu/genblk1.pcpi_mul/n_57       69         1   131.5      0.239          
soc/cpu/genblk2.pcpi_div/n_422      66         1   125.9      0.229          
soc/cpu/n_250                       66         1   125.9      0.229          
accel/fft/n_78                      65         1   124.0      0.225          
accel/fft/n_1560                    65         1   124.0      0.225          
accel/fft/n_1658                    65         1   124.0      0.225          
accel/mem/n_586                     65         1   124.0      0.225          
accel/mem/n_587                     65         1   124.0      0.225          
accel/mem/n_588                     65         1   124.0      0.225          
accel/mem/n_589                     65         1   124.0      0.225          
accel/mem/n_590                     65         1   124.0      0.225          
accel/mem/n_591                     65         1   124.0      0.225          
accel/mem/n_592                     65         1   124.0      0.225          
accel/mem/n_593                     65         1   124.0      0.225          
accel/mem/n_594                     65         1   124.0      0.225          
accel/mem/n_595                     65         1   124.0      0.225          
accel/mem/n_596                     65         1   124.0      0.225          
accel/mem/n_597                     65         1   124.0      0.225          
accel/mem/n_598                     65         1   124.0      0.225          
accel/mem/n_599                     65         1   124.0      0.225          
accel/mem/n_600                     65         1   124.0      0.225          
accel/mem/n_601                     65         1   124.0      0.225          
accel/mem/n_602                     65         1   124.0      0.225          
accel/mem/n_603                     65         1   124.0      0.225          
accel/mem/n_604                     65         1   124.0      0.225          
accel/mem/n_605                     65         1   124.0      0.225          
accel/mem/n_606                     65         1   124.0      0.225          
accel/mem/n_607                     65         1   124.0      0.225          
accel/mem/n_608                     65         1   124.0      0.225          
