============================================================
  Generated by:           Genus(TM) Synthesis Solution 21.10-p002_1
  Generated on:           Apr 07 2026  04:10:59 pm
  Module:                 et4351
  Technology libraries:   slow_vdd1v2 1.0
                          saed32sram_ss0p95vn40c 1.0000000
                          physical_cells 
  Operating conditions:   PVT_1P08V_125C 
  Interconnect mode:      global
  Area mode:              physical library
============================================================

       Instance                              Module                        Cell Count  Cell Area  Net Area   Total Area 
------------------------------------------------------------------------------------------------------------------------
et4351                                                                          29586 141005.779 41946.407   182952.185 
  accel                accelerator                                              18446  73501.272 26454.432    99955.704 
    fft                accelerator_fft_LOG_MAX_N32_MEM_WIDTH32_ADDR_WIDTH       10317  29467.062 15371.231    44838.293 
    mem                accelerator_mem_MEM_DEPTH64                               7496  41909.706  8672.154    50581.860 
  flash_bufs_0_        bidir_buf_2098                                               1      4.446     0.000        4.446 
  flash_bufs_1_        bidir_buf_2099                                               1      4.446     0.000        4.446 
  flash_bufs_2_        bidir_buf_2100                                               1      4.446     0.000        4.446 
  flash_bufs_3_        bidir_buf                                                    1      4.446     0.000        4.446 
  soc                  picosoc                                                  11134  67474.753 15188.546    82663.299 
    cpu                picorv32_ENABLE_COUNTERS1_BARREL_SHIFTER1_COMPRESS        9750  28784.430 13417.313    42201.743 
      genblk1.pcpi_mul picorv32_pcpi_mul                                          680   2386.818   753.773     3140.591 
      genblk2.pcpi_div picorv32_pcpi_div                                          972   2654.262  1197.484     3851.746 
    memory             picosoc_mem_WORDS256                                         8  34537.759     2.965    34540.724 
    simpleuart         simpleuart                                                 577   1753.776   643.748     2397.524 
    spimemio           spimemio                                                   628   2039.688   722.223     2761.911 
      xfer             spimemio_xfer                                              203    521.550   225.562      747.112 
