============================================================
  Generated by:           Genus(TM) Synthesis Solution 21.10-p002_1
  Generated on:           Apr 07 2026  04:08:44 pm
  Module:                 et4351
  Technology libraries:   slow_vdd1v2 1.0
                          saed32sram_ss0p95vn40c 1.0000000
                          physical_cells 
  Operating conditions:   PVT_1P08V_125C 
  Interconnect mode:      global
  Area mode:              physical library
============================================================

       Instance                              Module                        Cell Count  Cell Area  Net Area   Total Area 
------------------------------------------------------------------------------------------------------------------------
et4351                                                                          30113 141763.309 42321.583   184084.891 
  accel                accelerator                                              18723  74049.156 26669.483   100718.639 
    fft                accelerator_fft_LOG_MAX_N32_MEM_WIDTH32_ADDR_WIDTH       10585  29988.954 15578.167    45567.121 
    mem                accelerator_mem_MEM_DEPTH64                               7498  41927.148  8672.914    50600.062 
  flash_bufs_0_        bidir_buf_2098                                               1      4.446     0.000        4.446 
  flash_bufs_1_        bidir_buf_2099                                               1      4.788     0.000        4.788 
  flash_bufs_2_        bidir_buf_2100                                               1      4.788     0.000        4.788 
  flash_bufs_3_        bidir_buf                                                    1      4.788     0.000        4.788 
  soc                  picosoc                                                  11384  67683.373 15345.060    83028.432 
    cpu                picorv32_ENABLE_COUNTERS1_BARREL_SHIFTER1_COMPRESS        9894  28947.906 13519.203    42467.109 
      genblk1.pcpi_mul picorv32_pcpi_mul                                          683   2392.290   757.080     3149.370 
      genblk2.pcpi_div picorv32_pcpi_div                                         1012   2688.462  1227.837     3916.299 
    memory             picosoc_mem_WORDS256                                         8  34537.759     2.965    34540.724 
    simpleuart         simpleuart                                                 668   1774.638   672.846     2447.484 
    spimemio           spimemio                                                   638   2055.762   729.236     2784.998 
      xfer             spimemio_xfer                                              208    531.810   228.888      760.698 
