============================================================
  Generated by:           Genus(TM) Synthesis Solution 21.10-p002_1
  Generated on:           Apr 06 2026  11:48:52 am
  Module:                 et4351
  Technology libraries:   slow_vdd1v0 1.0
                          saed32sram_ss0p95vn40c 1.0000000
                          physical_cells 
  Operating conditions:   PVT_0P9V_125C 
  Interconnect mode:      global
  Area mode:              physical library
============================================================


 Clock Description
 ----------------- 

 Clock                              Clock    Source     No of   
 Name    Period   Rise    Fall      Domain  Pin/Port  Registers 
----------------------------------------------------------------
 clk     83330.0   0.0   41665.0   domain_1   clk          6019 

 Clock Network Latency / Setup Uncertainty
 ----------------------------------------- 

        Network   Network   Source   Source     Setup        Setup    
Clock   Latency   Latency  Latency  Latency  Uncertainty  Uncertainty 
 Name    Rise      Fall      Rise     Fall       Rise         Fall    
----------------------------------------------------------------------
clk         0.0       0.0      0.0      0.0        250.0        250.0 

 Clock Relationship (with uncertainty & latency)
 ----------------------------------------------- 

  From    To     R->R      R->F      F->R      F->F  
-----------------------------------------------------
  clk    clk   83080.0   41415.0   41415.0   83080.0 
