============================================================
  Generated by:           Genus(TM) Synthesis Solution 21.10-p002_1
  Generated on:           Apr 06 2026  11:48:52 am
  Module:                 et4351
  Technology libraries:   slow_vdd1v0 1.0
                          saed32sram_ss0p95vn40c 1.0000000
                          physical_cells 
  Operating conditions:   PVT_0P9V_125C 
  Interconnect mode:      global
  Area mode:              physical library
============================================================


 Clock Description
 ----------------- 

   Clock                                 Clock      Source      No of   Master Master Source           
   Name       Period   Rise    Fall      Domain    Pin/Port   Registers  Clock    Pin/Port    Waveform 
-------------------------------------------------------------------------------------------------------
 flash_clk   166660.0   0.0   83330.0   domain_1   flash_clk          0    clk           clk           

 Clock Network Latency / Setup Uncertainty
 ----------------------------------------- 

            Network   Network   Source   Source     Setup        Setup    
  Clock     Latency   Latency  Latency  Latency  Uncertainty  Uncertainty 
   Name      Rise      Fall      Rise     Fall       Rise         Fall    
--------------------------------------------------------------------------
flash_clk       0.0       0.0      0.0      0.0        250.0        250.0 

 Clock Relationship (with uncertainty & latency)
 ----------------------------------------------- 

     From         To        R->R       R->F      F->R      F->F   
------------------------------------------------------------------
  flash_clk   flash_clk   166410.0   83080.0   83080.0   166410.0 
