    Hinst Name              Module Name                                                                                                                                                                        Inst Count           Total Area
-------------------------------------------------------------------------------------------------------------------------------------------------------------------------------------------------------------------------------------------
et4351                                                                                                                                                                                                              43078           224923.345
 accel                      accelerator                                                                                                                                                                             22340           101142.396
  accel/fft                 accelerator_fft_LOG_MAX_N32_MEM_WIDTH32_ADDR_WIDTH6                                                                                                                                     11966            39562.560
  accel/mem                 accelerator_mem_MEM_DEPTH64                                                                                                                                                              9196            55605.780
 flash_bufs_0_              bidir_buf_2098                                                                                                                                                                              5               40.014
 flash_bufs_1_              bidir_buf_2099                                                                                                                                                                              5               44.118
 flash_bufs_2_              bidir_buf_2100                                                                                                                                                                              5               36.594
 flash_bufs_3_              bidir_buf                                                                                                                                                                                   4               30.096
 soc                        picosoc                                                                                                                                                                                 20682           123412.957
  soc/cpu                   picorv32_ENABLE_COUNTERS1_BARREL_SHIFTER1_COMPRESSED_ISA1_ENABLE_MUL1_ENABLE_FAST_MUL0_ENABLE_DIV1_ENABLE_IRQ1_ENABLE_IRQ_QREGS0_PROGADDR_RESET1048576_PROGADDR_IRQ0_STACKADDR1024      18295            77628.528
   soc/cpu/genblk1.pcpi_mul picorv32_pcpi_mul                                                                                                                                                                        1382             7410.798
   soc/cpu/genblk2.pcpi_div picorv32_pcpi_div                                                                                                                                                                        1500             6759.630
  soc/memory                picosoc_mem_WORDS256                                                                                                                                                                       13            34544.941
  soc/simpleuart            simpleuart                                                                                                                                                                                899             4662.144
  soc/spimemio              spimemio                                                                                                                                                                                 1103             5589.648
   soc/spimemio/xfer        spimemio_xfer                                                                                                                                                                             340             1662.462
