###############################################################
#  Generated by:      Cadence Innovus 21.11-s130_1
#  OS:                Linux x86_64(Host ID et4351.ewi.tudelft.nl)
#  Generated on:      Mon Apr  6 14:25:03 2026
#  Design:            et4351
#  Command:           report_clocks > initialReports/report_clocks.rpt
###############################################################
     +-------------------------------------------------------------------------------------------------+ 
     |                                       Clock Descriptions                                        | 
     |-------------------------------------------------------------------------------------------------| 
     |           |           |                     |         |       |        |       Attributes       | 
     |-----------+-----------+---------------------+---------+-------+--------+------------------------| 
     |   Clock   |  Source   |        View         |  Period |  Lead |  Trail | Generated | Propagated | 
     |   Name    |           |                     |         |       |        |           |            | 
     |-----------+-----------+---------------------+---------+-------+--------+-----------+------------| 
     |    clk    |    clk    | analysis_view_power |  83.330 | 0.000 | 41.665 |     n     |     n      | 
     |    clk    |    clk    | analysis_view_setup |  83.330 | 0.000 | 41.665 |     n     |     n      | 
     | flash_clk | flash_clk | analysis_view_setup | 166.660 | 0.000 | 83.330 |     y     |     n      | 
     | flash_clk | flash_clk | analysis_view_power | 166.660 | 0.000 | 83.330 |     y     |     n      | 
     +-------------------------------------------------------------------------------------------------+ 
     +---------------------------------------------------------------------------------------------------------------------------------------------+ 
     |                                                        Generated-Clock Descriptions                                                         | 
     |---------------------------------------------------------------------------------------------------------------------------------------------| 
     |   Name    |  Generated  |   Master    | Master-clock |        View         | Source | Invert |   Freq.    | Duty-Cycle | Edges | Edge-Shift | 
     |           | Source(pin) | Source(pin) |              |                     | Invert |        | Multiplier |            |       |            | 
     |-----------+-------------+-------------+--------------+---------------------+--------+--------+------------+------------+-------+------------| 
     | flash_clk |  flash_clk  |     clk     |     clk      | analysis_view_power |   n    |   n    |    1/2     |     50     |   -   |     -      | 
     | flash_clk |  flash_clk  |     clk     |     clk      | analysis_view_setup |   n    |   n    |    1/2     |     50     |   -   |     -      | 
     +---------------------------------------------------------------------------------------------------------------------------------------------+ 
