###############################################################
#  Generated by:      Cadence Innovus 21.11-s130_1
#  OS:                Linux x86_64(Host ID et4351.ewi.tudelft.nl)
#  Generated on:      Mon Apr  6 14:24:56 2026
#  Design:            et4351
#  Command:           report_constraint > initialReports/report_constraint.rpt
###############################################################
# format : frame 1 : split 1

max_delay/setup
---------------------------
     +----------------------------------------------------+ 
     |   End Point | Slack  | Cause |                View | 
     |-------------+--------+-------+---------------------| 
     | flash_io0 r | 35.291 |   MET | analysis_view_setup | 
     +----------------------------------------------------+ 

Check type : clock_period
---------------------------
No paths found

Check type : skew
---------------------------
No paths found

Check type : pulse_width
---------------------------
     +--------------------------------------------------------------------------------------------------+ 
     |                        SEQUENTIAL CLOCK PULSE WIDTH                        |                     | 
     |----------------------------------------------------------------------------+---------------------| 
     | Pin                                           | Required | Actual |  Slack | View Name           | 
     |                                               |  Pulse   |  Pulse |        |                     | 
     |                                               |  Width   |  Width |        |                     | 
     |-----------------------------------------------+----------+--------+--------+---------------------| 
     | accel/RC_CG_HIER_INST0/RC_CGIC_INST/CK (high) |  0.438   | 41.415 | 40.977 | analysis_view_setup | 
     +--------------------------------------------------------------------------------------------------+ 

Check type : max_transition
---------------------------
  Pin : accel/fft/RC_CG_HIER_INST17/RC_CGIC_INST/ECK 	 View : analysis_view_
setup
 
  max_transition :     0.280
- Transition Time:     0.374
-----------------------------------------------------
  slack          :    -0.094 ( VIOLATED )

Check type : max_capacitance
---------------------------
  Pin : soc/memory/sram_0/O[0] 	 View : analysis_view_power
 
  max_capacitance :     0.025
- Capacitance     :     0.000
-----------------------------------------------------
  slack          :     0.025 

Check type : max_fanout
---------------------------
 No Check found
