###############################################################
#  Generated by:      Cadence Innovus 21.11-s130_1
#  OS:                Linux x86_64(Host ID et4351.ewi.tudelft.nl)
#  Generated on:      Mon Apr  6 14:24:56 2026
#  Design:            et4351
#  Command:           report_design > initialReports/report_design.rpt
###############################################################

	 View : analysis_view_setup
     +----------------------------------------------------------+ 
     |     Design Property      |     Value     | 
     |--------------------------+---------------+---------------| 
     | Design Name              |        et4351 | 
     |--------------------------+---------------+---------------| 
     |                          |      MAX      |      MIN      | 
     | Operating Condition Name | PVT_0P9V_125C | PVT_0P9V_125C | 
     |         Process          |     1.000     |     1.000     | 
     |         Voltage          |     0.900     |     0.900     | 
     |       Temperature        |    125.000    |    125.000    | 
     |        Tree Type         |  worst_case   |  worst_case   | 
     +----------------------------------------------------------+ 
     +-------------------------+ 
     |   Design Rule   | Value | 
     |-----------------+-------| 
     | Max Transition  | 0.280 | 
     | Min Transition  |    NA | 
     | Max Capacitance |    NA | 
     | Min Capacitance |    NA | 
     | Max Fanout      |    NA | 
     | Min Fanout      |    NA | 
     +-------------------------+ 

	 View : analysis_view_power
     +--------------------------------------------------------+ 
     |     Design Property      |    Value     | 
     |--------------------------+--------------+--------------| 
     | Design Name              |       et4351 | 
     |--------------------------+--------------+--------------| 
     |                          |     MAX      |     MIN      | 
     | Operating Condition Name | PVT_1P32V_0C | PVT_1P32V_0C | 
     |         Process          |    1.000     |    1.000     | 
     |         Voltage          |    1.320     |    1.320     | 
     |       Temperature        |    0.000     |    0.000     | 
     |        Tree Type         |  worst_case  |  worst_case  | 
     +--------------------------------------------------------+ 
     +-------------------------+ 
     |   Design Rule   | Value | 
     |-----------------+-------| 
     | Max Transition  | 0.280 | 
     | Min Transition  |    NA | 
     | Max Capacitance |    NA | 
     | Min Capacitance |    NA | 
     | Max Fanout      |    NA | 
     | Min Fanout      |    NA | 
     +-------------------------+ 
