###############################################################
#  Generated by:      Cadence Innovus 21.11-s130_1
#  OS:                Linux x86_64(Host ID et4351.ewi.tudelft.nl)
#  Generated on:      Mon Apr  6 14:43:16 2026
#  Design:            et4351
#  Command:           report_ccopt_clock_trees -file clockReports/CT.rpt
###############################################################

Clock DAG stats:
================

--------------------------------------------------------------
Cell type                     Count    Area        Capacitance
--------------------------------------------------------------
Buffers                         64      279.756       0.060
Inverters                        0        0.000       0.000
Integrated Clock Gates         506     3642.642       0.105
Non-Integrated Clock Gates       0        0.000       0.000
Clock Logic                      1        2.394       0.001
All                            571     3924.792       0.166
--------------------------------------------------------------


Clock DAG wire lengths:
=======================

--------------------
Type     Wire Length
--------------------
Top           0.000
Trunk      8001.960
Leaf      52623.165
Total     60625.125
--------------------


Clock DAG hp wire lengths:
==========================

-----------------------
Type     hp Wire Length
-----------------------
Top            0.000
Trunk       5198.870
Leaf       35363.505
Total      40562.375
-----------------------


Clock DAG capacitances:
=======================

--------------------------------
Type     Gate     Wire     Total
--------------------------------
Top      0.000    0.000    0.000
Trunk    0.165    0.525    0.690
Leaf     1.174    3.609    4.783
Total    1.339    4.134    5.473
--------------------------------


Clock DAG sink capacitances:
============================

--------------------------------------------------------
Count    Total    Average    Std. Dev.    Min      Max
--------------------------------------------------------
6033     1.172     0.000       0.001      0.000    0.050
--------------------------------------------------------


Clock DAG net violations:
=========================

------------------------------------------------------------------------------------------------
Type                    Units    Count    Average    Std. Dev.    Sum      Top 10 violations
------------------------------------------------------------------------------------------------
Remaining Transition    ns         3       0.001       0.001      0.003    [0.002, 0.000, 0.000]
------------------------------------------------------------------------------------------------


Clock DAG primary half-corner transition distribution:
======================================================

--------------------------------------------------------------------------------------------------------------------------------------------------------------------------------------------------------------------------------
Net Type    Target    Count    Average    Std. Dev.    Min      Max      Distribution                                                                      Over Target
--------------------------------------------------------------------------------------------------------------------------------------------------------------------------------------------------------------------------------
Trunk       0.093       52      0.065       0.023      0.000    0.093    {13 <= 0.056ns, 17 <= 0.075ns, 12 <= 0.084ns, 6 <= 0.089ns, 4 <= 0.093ns}                                           -
Leaf        0.093      526      0.080       0.010      0.021    0.096    {14 <= 0.056ns, 110 <= 0.075ns, 185 <= 0.084ns, 118 <= 0.089ns, 96 <= 0.093ns}    {3 <= 0.098ns, 0 <= 0.103ns, 0 <= 0.112ns, 0 <= 0.140ns, 0 > 0.140ns}
--------------------------------------------------------------------------------------------------------------------------------------------------------------------------------------------------------------------------------


Clock DAG library cell distribution:
====================================

-----------------------------------------------
Name              Type      Inst     Inst Area 
                            Count    (um^2)
-----------------------------------------------
CLKBUFX20         buffer      12        98.496
CLKBUFX16         buffer       6        41.040
CLKBUFX12         buffer      13        66.690
CLKBUFX8          buffer       2         7.524
CLKBUFX6          buffer       4        12.312
CLKBUFX4          buffer       1         2.394
DLY1X4            buffer       2         7.524
CLKBUFX3          buffer       4         8.208
CLKBUFX2          buffer      19        32.490
DLY1X1            buffer       1         3.078
TLATNTSCAX16      icg         24       311.904
TLATNTSCAX12      icg         17       186.048
TLATNTSCAX8       icg          6        53.352
TLATNTSCAX6       icg          7        59.850
TLATNTSCAX4       icg         26       186.732
TLATNTSCAX3       icg        224      1532.160
TLATNTSCAX2       icg        166      1078.668
TLATNTSCAX2HVT    icg         36       233.928
MX2XL             logic        1         2.394
-----------------------------------------------



Please note that the following tables reflect only the defined clock trees, so the flop counts might not include all flops in your design.

Clock Tree Summary:
===================

------------------------------------------------------------------------------------------------------------------------------------------------------------
Clock Tree                      Clock  Bufs  Invs  Other  Max       Max     Max      Max          Standard   Wire   Gate   Clock Tree Root
Name                            Gates              Clock  Non-leaf  Leaf    Length   Source-sink  cell area  cap    cap    
                                                   Cells  Fanout    Fanout  (um)     Resistance   (um^2)     (pF)   (pF)   
                                                                                     (Ohms)                                
------------------------------------------------------------------------------------------------------------------------------------------------------------
clk                              506    64    0      1       64       96    554.605    4713.57    3924.792   4.134  1.339  clk
clk_generator_for_flash_clk<1>     0     4    0      1        1        2    126.995    1353.11      17.100   0.021  0.054  soc/spimemio/config_clk_reg/Q
clk_generator_for_flash_clk<2>     0     4    0      1        2        8    126.995    1392.78      17.442   0.026  0.056  soc/spimemio/config_en_reg/Q
clk_generator_for_flash_clk<3>     0     4    0      1        2        7    141.525    1596.25      17.784   0.026  0.055  soc/spimemio/xfer/flash_clk_reg/Q
------------------------------------------------------------------------------------------------------------------------------------------------------------

Clock Sink Summary:
===================

---------------------------------------------------------------------------------------------------------------------------------------------------------------
Clock Tree                      Explicit      Implicit      Explicit     Implicit     Explicit   Implicit   Posedge  Negedge  Memory  Enable  Non enable  Other
Name                            exclude pins  exclude pins  ignore pins  ignore pins  stop pins  stop pins  Flops    Flops    Clock   Latch   Latch       Sinks
                                                                                                                              Pins    Sinks   Sinks       
---------------------------------------------------------------------------------------------------------------------------------------------------------------
clk                                  0             0             0            0           0          0       6008       4       4       0         0        17
clk_generator_for_flash_clk<1>       0             0             0            0           0          0          0       0       0       0         0         2
clk_generator_for_flash_clk<2>       0             0             8            0           0          0          0       0       0       0         0        10
clk_generator_for_flash_clk<3>       0             0             9            0           0          0          0       0       0       0         0         9
---------------------------------------------------------------------------------------------------------------------------------------------------------------

Summary across all clock trees:
===============================

------------------------------------------------------------------------------------------------------------
Clock  Bufs  Invs  Other  Max       Average   Max     Average  Max      Max          Standard   Wire   Gate
Gates              Clock  Non-leaf  Non-leaf  Leaf    Leaf     Length   Source-sink  cell area  cap    cap
                   Cells  Fanout    Fanout    Fanout  Fanout   (um)     Resistance   (um^2)     (pF)   (pF)
                                                                        (Ohms)                         
------------------------------------------------------------------------------------------------------------
 506    64    0      1       64     11.7347     96    11.4715  554.605    471.357    3924.792   4.134  1.339
------------------------------------------------------------------------------------------------------------

Clock Sink Summary across all clock trees:
==========================================

-------------------------------------------------------------------------------------------------------------------------------
Explicit      Implicit      Explicit     Implicit     Explicit   Implicit   Posedge  Negedge  Memory  Enable  Non enable  Other
exclude pins  exclude pins  ignore pins  ignore pins  stop pins  stop pins  Flops    Flops    Clock   Latch   Latch       Sinks
                                                                                              Pins    Sinks   Sinks       
-------------------------------------------------------------------------------------------------------------------------------
     0             0            17            0           0          0       6008       4       4       0         0        17
-------------------------------------------------------------------------------------------------------------------------------

Physical metrics across all clock trees:
========================================

-----------------------------------------------------------------------
Metric                               Minimum  Average  Maximum  Std.dev
-----------------------------------------------------------------------
Source-sink routed net length (um)    1.190   53.658   554.605  51.200
Source-sink manhattan distance (um)   1.810   50.317   552.500  48.133
Source-sink resistance (Ohm)         21.252   91.760   471.357  50.121
-----------------------------------------------------------------------

Transition distribution for half-corner delay_max:setup.late:
=============================================================

--------------------------------------------------------------------------------------------------------------------------------------------------------------------------------------------------------------------------------
Net Type    Target    Count    Average    Std. Dev.    Min      Max      Distribution                                                                      Over Target
--------------------------------------------------------------------------------------------------------------------------------------------------------------------------------------------------------------------------------
Trunk       0.093       49      0.068       0.018      0.014    0.093    {10 <= 0.056ns, 17 <= 0.075ns, 12 <= 0.084ns, 6 <= 0.089ns, 4 <= 0.093ns}                                           -
Leaf        0.093      526      0.080       0.010      0.021    0.096    {14 <= 0.056ns, 110 <= 0.075ns, 185 <= 0.084ns, 118 <= 0.089ns, 96 <= 0.093ns}    {3 <= 0.098ns, 0 <= 0.103ns, 0 <= 0.112ns, 0 <= 0.140ns, 0 > 0.140ns}
--------------------------------------------------------------------------------------------------------------------------------------------------------------------------------------------------------------------------------

Count of violations across all clock trees:
===========================================

-----------------------------------------------------------------------------------------------------------
Clock Tree                      # Max capacitance  # Max resistance  # Max length  # Max fanout  # Slew
Name                            violations         violations        violations    violations    violations
-----------------------------------------------------------------------------------------------------------
clk                                     0                 0               0             0            40
clk_generator_for_flash_clk<1>          0                 0               0             0             0
clk_generator_for_flash_clk<2>          0                 0               0             0             0
clk_generator_for_flash_clk<3>          0                 0               0             0             2
-----------------------------------------------------------------------------------------------------------
Total                                   0                 0               0             0            42
-----------------------------------------------------------------------------------------------------------

Note the above table per clock tree is based on CCOpt clock tree view. The violations are counted across half corners.

Found a total of 0 clock tree pins with max capacitance violations.
Found a total of 0 clock tree nets with max resistance violations.
Found a total of 0 clock tree nets with max length violations.
Found a total of 0 clock tree nets with max fanout violations.
Found a total of 42 clock tree pins with a slew violation.

Slew violation summary across all clock trees - Top 10 violating pins:
======================================================================

Target and measured clock slews (in ns):

---------------------------------------------------------------------------------------------------------------------------
Half corner           Violation  Slew    Slew      Dont   Ideal  Target         Pin
                      amount     target  achieved  touch  net?   source         
                                                   net?                         
---------------------------------------------------------------------------------------------------------------------------
delay_max:setup.late    0.002    0.093    0.096    N      N      auto computed  flash_clk
delay_max:setup.late    0.002    0.093    0.096    N      N      auto computed  CTS_csf_buf_00053/Y
delay_max:setup.late    0.000    0.093    0.093    N      N      auto computed  soc/cpu/RC_CG_HIER_INST446/RC_CGIC_INST/ECK
delay_max:setup.late    0.000    0.093    0.093    N      N      auto computed  accel/mem/mem_b1_reg_20__8_/CK
delay_max:setup.late    0.000    0.093    0.093    N      N      auto computed  accel/mem/mem_b1_reg_20__9_/CK
delay_max:setup.late    0.000    0.093    0.093    N      N      auto computed  accel/mem/mem_b1_reg_20__10_/CK
delay_max:setup.late    0.000    0.093    0.093    N      N      auto computed  accel/mem/mem_b1_reg_20__11_/CK
delay_max:setup.late    0.000    0.093    0.093    N      N      auto computed  accel/mem/mem_b1_reg_20__12_/CK
delay_max:setup.late    0.000    0.093    0.093    N      N      auto computed  accel/mem/mem_b1_reg_20__13_/CK
delay_max:setup.late    0.000    0.093    0.093    N      N      auto computed  accel/mem/mem_b1_reg_20__14_/CK
---------------------------------------------------------------------------------------------------------------------------

Target sources:
auto extracted - target was extracted from SDC.
auto computed - target was computed when balancing trees.
explicit - target is explicitly set via target_max_trans property.
pin explicit - target is explicitly set for this pin via pin_target_max_trans property.
liberty explicit - target is explicitly set via max_transition from liberty library.

Found 0 pins on nets marked dont_touch that have slew violations.
Found 0 pins on nets marked dont_touch that do not have slew violations.
Found 0 pins on nets marked ideal_network that have slew violations.
Found 0 pins on nets marked ideal_network that do not have slew violations.


Report for clock tree: clk:
===========================

Clock Tree Gating Structure (Logical):

# Full cycle clock gates   :  506
Minimum clock gating depth :    0
Maximum clock gating depth :    1
Clock gate area (um^2)     : 3642.642

Clock Tree Buffering Structure (Logical):

# Buffers             :  64
# Inverters           :   0
  Total               :  64
Minimum depth         :   2
Maximum depth         :   8
Buffering area (um^2) : 279.756

Clock Tree Level Structure (Logical):

-----------------------------------------------------------------
Level  Full   Posedge  Negedge  Memory  Enable  Non enable  Other
       Cycle  Flops    Flops    Clock   Latch   Latch       Sinks
                                Pins    Sinks   Sinks       
-----------------------------------------------------------------
root    506     481       4       4       0         0        17
  1       0    5527       0       0       0         0         0
-----------------------------------------------------------------
Total   506    6008       4       4       0         0        17
-----------------------------------------------------------------

Target and measured clock slews (in ns):

------------------------------------------------------------------------------------------------------------------------------------
Timing Corner          Worst Rising  Worst Falling  Worst Rising  Worst Falling  Leaf Slew      Leaf Slew  Trunk Slew     Trunk Slew
                       Leaf Slew     Leaf Slew      Trunk Slew    Trunk Slew     Target Type    Target     Target Type    Target
------------------------------------------------------------------------------------------------------------------------------------
delay_max:setup.early     0.093          0.096         0.082          0.092      ignored            -      ignored            -
delay_max:setup.late      0.093          0.096         0.082          0.093      auto computed  *0.093     auto computed   0.093
delay_min:hold.early      0.025          0.025         0.026          0.026      ignored            -      ignored            -
delay_min:hold.late       0.026          0.025         0.026          0.026      ignored            -      ignored            -
delay_typ:both.early      0.025          0.025         0.026          0.026      ignored            -      ignored            -
delay_typ:both.late       0.026          0.025         0.026          0.026      ignored            -      ignored            -
------------------------------------------------------------------------------------------------------------------------------------

Report for clock tree: clk_generator_for_flash_clk<1>:
======================================================

Clock Tree Gating Structure (Logical):

# Full cycle clock gates   : 0
Minimum clock gating depth : 0
Maximum clock gating depth : 0
Clock gate area (um^2)     : 0.000

Clock Tree Buffering Structure (Logical):

# Buffers             :  4
# Inverters           :  0
  Total               :  4
Minimum depth         :  2
Maximum depth         :  5
Buffering area (um^2) : 14.706

Clock Tree Level Structure (Logical):

-----------------------------------------------------------------
Level  Full   Posedge  Negedge  Memory  Enable  Non enable  Other
       Cycle  Flops    Flops    Clock   Latch   Latch       Sinks
                                Pins    Sinks   Sinks       
-----------------------------------------------------------------
root     0       0        0       0       0         0         2
-----------------------------------------------------------------
Total    0       0        0       0       0         0         2
-----------------------------------------------------------------

Target and measured clock slews (in ns):

------------------------------------------------------------------------------------------------------------------------------------
Timing Corner          Worst Rising  Worst Falling  Worst Rising  Worst Falling  Leaf Slew      Leaf Slew  Trunk Slew     Trunk Slew
                       Leaf Slew     Leaf Slew      Trunk Slew    Trunk Slew     Target Type    Target     Target Type    Target
------------------------------------------------------------------------------------------------------------------------------------
delay_max:setup.early     0.080          0.096         0.065          0.080      ignored            -      ignored            -
delay_max:setup.late      0.080          0.096         0.065          0.081      auto computed  *0.093     auto computed   0.093
delay_min:hold.early      0.023          0.024         0.018          0.019      ignored            -      ignored            -
delay_min:hold.late       0.023          0.024         0.018          0.019      ignored            -      ignored            -
delay_typ:both.early      0.023          0.024         0.018          0.019      ignored            -      ignored            -
delay_typ:both.late       0.023          0.024         0.018          0.019      ignored            -      ignored            -
------------------------------------------------------------------------------------------------------------------------------------

Report for clock tree: clk_generator_for_flash_clk<2>:
======================================================

Clock Tree Gating Structure (Logical):

# Full cycle clock gates   : 0
Minimum clock gating depth : 0
Maximum clock gating depth : 0
Clock gate area (um^2)     : 0.000

Clock Tree Buffering Structure (Logical):

# Buffers             :  4
# Inverters           :  0
  Total               :  4
Minimum depth         :  1
Maximum depth         :  4
Buffering area (um^2) : 15.048

Clock Tree Level Structure (Logical):

-----------------------------------------------------------------
Level  Full   Posedge  Negedge  Memory  Enable  Non enable  Other
       Cycle  Flops    Flops    Clock   Latch   Latch       Sinks
                                Pins    Sinks   Sinks       
-----------------------------------------------------------------
root     0       0        0       0       0         0        10
-----------------------------------------------------------------
Total    0       0        0       0       0         0        10
-----------------------------------------------------------------

Target and measured clock slews (in ns):

------------------------------------------------------------------------------------------------------------------------------------
Timing Corner          Worst Rising  Worst Falling  Worst Rising  Worst Falling  Leaf Slew      Leaf Slew  Trunk Slew     Trunk Slew
                       Leaf Slew     Leaf Slew      Trunk Slew    Trunk Slew     Target Type    Target     Target Type    Target
------------------------------------------------------------------------------------------------------------------------------------
delay_max:setup.early     0.080          0.096         0.068          0.082      ignored            -      ignored            -
delay_max:setup.late      0.080          0.096         0.068          0.082      auto computed  *0.093     auto computed   0.093
delay_min:hold.early      0.023          0.024         0.018          0.019      ignored            -      ignored            -
delay_min:hold.late       0.023          0.024         0.018          0.019      ignored            -      ignored            -
delay_typ:both.early      0.023          0.024         0.018          0.019      ignored            -      ignored            -
delay_typ:both.late       0.023          0.024         0.018          0.019      ignored            -      ignored            -
------------------------------------------------------------------------------------------------------------------------------------

Report for clock tree: clk_generator_for_flash_clk<3>:
======================================================

Clock Tree Gating Structure (Logical):

# Full cycle clock gates   : 0
Minimum clock gating depth : 0
Maximum clock gating depth : 0
Clock gate area (um^2)     : 0.000

Clock Tree Buffering Structure (Logical):

# Buffers             :  4
# Inverters           :  0
  Total               :  4
Minimum depth         :  2
Maximum depth         :  4
Buffering area (um^2) : 15.390

Clock Tree Level Structure (Logical):

-----------------------------------------------------------------
Level  Full   Posedge  Negedge  Memory  Enable  Non enable  Other
       Cycle  Flops    Flops    Clock   Latch   Latch       Sinks
                                Pins    Sinks   Sinks       
-----------------------------------------------------------------
root     0       0        0       0       0         0         9
-----------------------------------------------------------------
Total    0       0        0       0       0         0         9
-----------------------------------------------------------------

Target and measured clock slews (in ns):

------------------------------------------------------------------------------------------------------------------------------------
Timing Corner          Worst Rising  Worst Falling  Worst Rising  Worst Falling  Leaf Slew      Leaf Slew  Trunk Slew     Trunk Slew
                       Leaf Slew     Leaf Slew      Trunk Slew    Trunk Slew     Target Type    Target     Target Type    Target
------------------------------------------------------------------------------------------------------------------------------------
delay_max:setup.early     0.080          0.096         0.066          0.080      ignored            -      ignored            -
delay_max:setup.late      0.080          0.096         0.066          0.081      auto computed  *0.093     auto computed   0.093
delay_min:hold.early      0.023          0.024         0.018          0.019      ignored            -      ignored            -
delay_min:hold.late       0.023          0.024         0.018          0.019      ignored            -      ignored            -
delay_typ:both.early      0.023          0.024         0.018          0.019      ignored            -      ignored            -
delay_typ:both.late       0.023          0.024         0.018          0.019      ignored            -      ignored            -
------------------------------------------------------------------------------------------------------------------------------------

* - indicates that target was not met.

auto extracted - target was extracted from SDC.
auto computed - target was computed when balancing trees.

