###############################################################
#  Generated by:      Cadence Innovus 21.11-s130_1
#  OS:                Linux x86_64(Host ID et4351.ewi.tudelft.nl)
#  Generated on:      Mon Apr  6 14:43:15 2026
#  Design:            et4351
#  Command:           report_ccopt_worst_chain -file clockReports/worst_chain.rpt
###############################################################

,-o soc/spimemio/xfer/xfer_qspi_reg
| |     .../CK @+0.381ns constraint=(-0.000ns,+0.638ns) chosen=(-0.102ns,+0.638ns)
| |            location=(221.500,370.215) slew=(launch: 0.033ns, capture: 0.033ns)
| |   slack 75.864ns .../Q -> .../E (distance: 475.675um)
| |                  delays=(launch: -0.208ns, datapath: 6.756ns, capture: -0.668ns, adjust: 83.080ns)
| |                  launch/capture clock clk in analysis view analysis_view_setup
| |                  path group reg2cgate
| g soc/spimemio/xfer/RC_CG_HIER_INST503/RC_CGIC_INST
| |     .../CK @+0.010ns constraint=(-0.000ns,+0.623ns) chosen=(-0.102ns,+0.623ns)
| |            location=(231.900,371.545) slew=(launch: 0.014ns, capture: 0.014ns)
| |     clock gate above
`-o soc/spimemio/xfer/xfer_qspi_reg
  |     .../CK @+0.381ns constraint=(-0.000ns,+0.638ns) chosen=(-0.102ns,+0.638ns)
  |            location=(221.500,370.215) slew=(launch: 0.033ns, capture: 0.033ns)
  |   *WNS* 37.512ns .../Q -> .../D (distance: 302.350um)
  |                  delays=(launch: -0.208ns, datapath: 4.230ns, capture: 41.785ns, adjust: -0.250ns)
  |                  launch/capture clock clk in analysis view analysis_view_setup
  |                  path group reg2reg
  o soc/spimemio/xfer_io0_90_reg
  |     .../CKN @+0.679ns constraint=(-0.062ns,+0.340ns) chosen=(-0.164ns,+0.340ns)
  |             location=(196.570,349.630) slew=(launch: 0.093ns, capture: 0.093ns)
  |   slack 33.682ns .../Q -> .../flash_io0 (distance: 609.445um)
  |                  delays=(launch: 41.788ns, datapath: 3.061ns, capture: 78.532ns, adjust: 0.000ns)
  |                  launch clock clk in analysis view analysis_view_setup
  |                  capture no clock
  |                  path group default
  x flash_io0

