###############################################################
#  Generated by:      Cadence Innovus 21.11-s130_1
#  OS:                Linux x86_64(Host ID et4351.ewi.tudelft.nl)
#  Generated on:      Thu Apr  9 19:41:13 2026
#  Design:            et4351
#  Command:           report_constraint > initialReports/report_constraint.rpt
###############################################################
# format : frame 1 : split 1

max_delay/setup
---------------------------
     +---------------------------------------------------+ 
     |   End Point | Slack | Cause |                View | 
     |-------------+-------+-------+---------------------| 
     | flash_io1 f | 2.315 |   MET | analysis_view_setup | 
     +---------------------------------------------------+ 

Check type : clock_period
---------------------------
No paths found

Check type : skew
---------------------------
No paths found

Check type : pulse_width
---------------------------
     +-------------------------------------------------------------------------------------------+ 
     |                    SEQUENTIAL CLOCK PULSE WIDTH                     |                     | 
     |---------------------------------------------------------------------+---------------------| 
     | Pin                                     | Required | Actual | Slack | View Name           | 
     |                                         |  Pulse   |  Pulse |       |                     | 
     |                                         |  Width   |  Width |       |                     | 
     |-----------------------------------------+----------+--------+-------+---------------------| 
     | soc/spimemio/xfer_io2_90_reg/CKN (high) |  0.081   |  7.750 | 7.669 | analysis_view_setup | 
     +-------------------------------------------------------------------------------------------+ 

Check type : max_transition
---------------------------
  Pin : accel/drc_bufs6570/A 	 View : analysis_view_setup
 
  max_transition :     0.280
- Transition Time:     0.766
-----------------------------------------------------
  slack          :    -0.486 ( VIOLATED )

Check type : max_capacitance
---------------------------
  Pin : soc/memory/sram_3/O[0] 	 View : analysis_view_power
 
  max_capacitance :     0.025
- Capacitance     :     0.001
-----------------------------------------------------
  slack          :     0.024 

Check type : max_fanout
---------------------------
 No Check found
