###############################################################
#  Generated by:      Cadence Innovus 21.11-s130_1
#  OS:                Linux x86_64(Host ID et4351.ewi.tudelft.nl)
#  Generated on:      Thu Apr  9 19:41:22 2026
#  Design:            et4351
#  Command:           report_ports > initialReports/report_ports.rpt
###############################################################
     +----------------------------------------------------------------------------------------------------+ 
     |           |       |               |                                |     Early     |     Late      | 
     |-----------+-------+---------------+--------------------------------+---------------+---------------| 
     |  Pin Name |  Dir  |   Assertion   |           Clock Name           |  Rise |  Fall |  Rise |  Fall | 
     |-----------+-------+---------------+--------------------------------+-------+-------+-------+-------| 
     | flash_io0 |  BIDI |   external    | flash_clk(C)(P)(analysis_view_ | 0.000 | 0.000 | 5.000 | 5.000 | 
     |           |       |               |             hold)              |       |       |       |       | 
     | flash_io0 |  BIDI |   external    | flash_clk(C)(P)(analysis_view_ | 0.000 | 0.000 | 5.000 | 5.000 | 
     |           |       |               |             setup)             |       |       |       |       | 
     | flash_io0 |  BIDI |   external    | flash_clk(C)(P)(analysis_view_ | 0.000 | 0.000 | 5.000 | 5.000 | 
     |           |       |               |             power)             |       |       |       |       | 
     | flash_io1 |  BIDI |   external    | flash_clk(C)(P)(analysis_view_ | 0.000 | 0.000 | 5.000 | 5.000 | 
     |           |       |               |             setup)             |       |       |       |       | 
     | flash_io1 |  BIDI |   external    | flash_clk(C)(P)(analysis_view_ | 0.000 | 0.000 | 5.000 | 5.000 | 
     |           |       |               |             power)             |       |       |       |       | 
     | flash_io1 |  BIDI |   external    | flash_clk(C)(P)(analysis_view_ | 0.000 | 0.000 | 5.000 | 5.000 | 
     |           |       |               |             hold)              |       |       |       |       | 
     | flash_io2 |  BIDI |   external    | flash_clk(C)(P)(analysis_view_ | 0.000 | 0.000 | 5.000 | 5.000 | 
     |           |       |               |             hold)              |       |       |       |       | 
     | flash_io2 |  BIDI |   external    | flash_clk(C)(P)(analysis_view_ | 0.000 | 0.000 | 5.000 | 5.000 | 
     |           |       |               |             power)             |       |       |       |       | 
     | flash_io2 |  BIDI |   external    | flash_clk(C)(P)(analysis_view_ | 0.000 | 0.000 | 5.000 | 5.000 | 
     |           |       |               |             setup)             |       |       |       |       | 
     | flash_io3 |  BIDI |   external    | flash_clk(C)(P)(analysis_view_ | 0.000 | 0.000 | 5.000 | 5.000 | 
     |           |       |               |             power)             |       |       |       |       | 
     | flash_io3 |  BIDI |   external    | flash_clk(C)(P)(analysis_view_ | 0.000 | 0.000 | 5.000 | 5.000 | 
     |           |       |               |             hold)              |       |       |       |       | 
     | flash_io3 |  BIDI |   external    | flash_clk(C)(P)(analysis_view_ | 0.000 | 0.000 | 5.000 | 5.000 | 
     |           |       |               |             setup)             |       |       |       |       | 
     |    clk    |  IN   |  clock_root   |  clk(C)(P)(analysis_view_hold) |       |       |       |       | 
     |    clk    |  IN   |  clock_root   | clk(C)(P)(analysis_view_setup) |       |       |       |       | 
     |    clk    |  IN   |  clock_root   | clk(C)(P)(analysis_view_power) |       |       |       |       | 
     |  resetn   |  IN   |               |                                |       |       |       |       | 
     |  ser_rx   |  IN   |               |                                |       |       |       |       | 
     | flash_io0 |  INTL |     input     | flash_clk(D)(P)(analysis_view_ | 4.000 | 4.000 | 9.000 | 9.000 | 
     |           |       |               |             power)             |       |       |       |       | 
     | flash_io0 |  INTL |     input     | flash_clk(D)(P)(analysis_view_ | 4.000 | 4.000 | 9.000 | 9.000 | 
     |           |       |               |             setup)             |       |       |       |       | 
     | flash_io0 |  INTL |     input     | flash_clk(D)(P)(analysis_view_ | 4.000 | 4.000 | 9.000 | 9.000 | 
     |           |       |               |             hold)              |       |       |       |       | 
     | flash_io1 |  INTL |     input     | flash_clk(D)(P)(analysis_view_ | 4.000 | 4.000 | 9.000 | 9.000 | 
     |           |       |               |             setup)             |       |       |       |       | 
     | flash_io1 |  INTL |     input     | flash_clk(D)(P)(analysis_view_ | 4.000 | 4.000 | 9.000 | 9.000 | 
     |           |       |               |             power)             |       |       |       |       | 
     | flash_io1 |  INTL |     input     | flash_clk(D)(P)(analysis_view_ | 4.000 | 4.000 | 9.000 | 9.000 | 
     |           |       |               |             hold)              |       |       |       |       | 
     | flash_io2 |  INTL |     input     | flash_clk(D)(P)(analysis_view_ | 4.000 | 4.000 | 9.000 | 9.000 | 
     |           |       |               |             setup)             |       |       |       |       | 
     | flash_io2 |  INTL |     input     | flash_clk(D)(P)(analysis_view_ | 4.000 | 4.000 | 9.000 | 9.000 | 
     |           |       |               |             hold)              |       |       |       |       | 
     | flash_io2 |  INTL |     input     | flash_clk(D)(P)(analysis_view_ | 4.000 | 4.000 | 9.000 | 9.000 | 
     |           |       |               |             power)             |       |       |       |       | 
     | flash_io3 |  INTL |     input     | flash_clk(D)(P)(analysis_view_ | 4.000 | 4.000 | 9.000 | 9.000 | 
     |           |       |               |             hold)              |       |       |       |       | 
     | flash_io3 |  INTL |     input     | flash_clk(D)(P)(analysis_view_ | 4.000 | 4.000 | 9.000 | 9.000 | 
     |           |       |               |             power)             |       |       |       |       | 
     | flash_io3 |  INTL |     input     | flash_clk(D)(P)(analysis_view_ | 4.000 | 4.000 | 9.000 | 9.000 | 
     |           |       |               |             setup)             |       |       |       |       | 
     | flash_clk |  OUT  | derived_clock | flash_clk(C)(P)(analysis_view_ |       |       |       |       | 
     |           |       |               |             hold)              |       |       |       |       | 
     | flash_clk |  OUT  | derived_clock | flash_clk(C)(P)(analysis_view_ |       |       |       |       | 
     |           |       |               |             power)             |       |       |       |       | 
     | flash_clk |  OUT  | derived_clock | flash_clk(C)(P)(analysis_view_ |       |       |       |       | 
     |           |       |               |             setup)             |       |       |       |       | 
     | flash_csb |  OUT  |   external    | flash_clk(C)(P)(analysis_view_ | 0.000 | 0.000 | 5.000 | 5.000 | 
     |           |       |               |             setup)             |       |       |       |       | 
     | flash_csb |  OUT  |   external    | flash_clk(C)(P)(analysis_view_ | 0.000 | 0.000 | 5.000 | 5.000 | 
     |           |       |               |             hold)              |       |       |       |       | 
     | flash_csb |  OUT  |   external    | flash_clk(C)(P)(analysis_view_ | 0.000 | 0.000 | 5.000 | 5.000 | 
     |           |       |               |             power)             |       |       |       |       | 
     |  ser_tx   |  OUT  |               |                                |       |       |       |       | 
     +----------------------------------------------------------------------------------------------------+ 
     +----------------------------------------------------------------------------+ 
     |  Pin Name |  Dir  | Assertion |        Value         |        View         | 
     |-----------+-------+-----------+----------------------+---------------------| 
     |  ser_tx   |  OUT  |  port_cap | ( 0.050 :  : 0.050 ) | analysis_view_setup | 
     |  ser_tx   |  OUT  |  port_cap | ( 0.050 :  : 0.050 ) | analysis_view_power | 
     | flash_csb |  OUT  |  port_cap | ( 0.050 :  : 0.050 ) | analysis_view_setup | 
     | flash_csb |  OUT  |  port_cap | ( 0.050 :  : 0.050 ) | analysis_view_power | 
     | flash_clk |  OUT  |  port_cap | ( 0.050 :  : 0.050 ) | analysis_view_setup | 
     | flash_clk |  OUT  |  port_cap | ( 0.050 :  : 0.050 ) | analysis_view_power | 
     | flash_io0 |  BIDI |  port_cap | ( 0.050 :  : 0.050 ) | analysis_view_setup | 
     | flash_io0 |  BIDI |  port_cap | ( 0.050 :  : 0.050 ) | analysis_view_power | 
     | flash_io1 |  BIDI |  port_cap | ( 0.050 :  : 0.050 ) | analysis_view_setup | 
     | flash_io1 |  BIDI |  port_cap | ( 0.050 :  : 0.050 ) | analysis_view_power | 
     | flash_io2 |  BIDI |  port_cap | ( 0.050 :  : 0.050 ) | analysis_view_setup | 
     | flash_io2 |  BIDI |  port_cap | ( 0.050 :  : 0.050 ) | analysis_view_power | 
     | flash_io3 |  BIDI |  port_cap | ( 0.050 :  : 0.050 ) | analysis_view_setup | 
     | flash_io3 |  BIDI |  port_cap | ( 0.050 :  : 0.050 ) | analysis_view_power | 
     +----------------------------------------------------------------------------+ 
