*----------------------------------------------------------------------------------------
*	Innovus 21.11-s130_1 (64bit) 08/19/2021 16:59 (Linux 3.10.0-693.el7.x86_64)
*	
*
* 	Date & Time:	2026-Apr-06 14:43:05 (2026-Apr-06 12:43:05 GMT)
*
*----------------------------------------------------------------------------------------
*
*	Design: et4351
*
*	Liberty Libraries used: 
*	        analysis_view_power: /data/Cadence/gpdk045_v60/gsclib045_all_v4.7/gsclib045_hvt/timing/fast_vdd1v2_basicCells_hvt.lib
*	        analysis_view_power: /data/Cadence/gpdk045_v60/gsclib045_svt_v4.7/gsclib045/timing/fast_vdd1v2_basicCells.lib
*	        analysis_view_power: /data/Cadence/gpdk045_v60/Synopsys_sram/saed32sram_tt1p05v125c.lib
*
*	Power Domain used: 
*              Rail:        VDD      Voltage:       1.32 
*
*       Power View : analysis_view_power
*
*       User-Defined Activity : N.A.
*
*	Switching Activity File used: 
*	        ../sim_struct/vcd/et4351.struct.vcd
*                    Vcd Window used(Start Time, Stop Time):   
*                     Vcd Scale Factor: 1 
* *                    Design annotation coverage: 0/35603 = 0% 
*
*       Hierarchical Global Activity: N.A.
*
*       Global Activity: N.A.
*
*       Sequential Element Activity: N.A.
*
*       Primary Input Activity: N.A.
*
*       Default icg ratio: N.A.
*
*       Global Comb ClockGate Ratio: N.A.
*
*	Power Units = 1mW
*
*	Time Units = 1e-09 secs 
*
*       report_power -outfile powerReports/postCTSHold.rpt
*
-----------------------------------------------------------------------------------------


Total Power 
-----------------------------------------------------------------------------------------
Total Internal Power:        0.12922955 	   68.4116%
Total Switching Power:       0.04529414 	   23.9778%
Total Leakage Power:         0.01437630 	    7.6105%
Total Power:                 0.18890000 
-----------------------------------------------------------------------------------------


Group                           Internal   Switching     Leakage       Total  Percentage 
                                Power      Power         Power         Power  (%)        
-----------------------------------------------------------------------------------------
Sequential                       0.06095   0.0002173    0.003858     0.06503       34.42 
Macro                          1.009e-05   1.412e-05           0   2.421e-05     0.01282 
IO                                     0           0     3.4e-06     3.4e-06      0.0018 
Combinational                   0.006783    0.005528     0.01001     0.02232       11.82 
Clock (Combinational)             0.0123     0.02353   6.214e-05     0.03589          19 
Clock (Sequential)               0.04919     0.01601   0.0004461     0.06564       34.75 
-----------------------------------------------------------------------------------------
Total                             0.1292     0.04529     0.01438      0.1889         100 
-----------------------------------------------------------------------------------------


Rail                  Voltage   Internal   Switching     Leakage       Total  Percentage 
                                Power      Power         Power         Power  (%)        
-----------------------------------------------------------------------------------------
VDD                      1.32     0.1292     0.04529     0.01438      0.1889         100 


Clock                           Internal   Switching     Leakage       Total  Percentage 
                                Power      Power         Power         Power  (%)        
-----------------------------------------------------------------------------------------
clk                              0.06148     0.03953   0.0005082      0.1015       53.75 
-----------------------------------------------------------------------------------------
Total (excluding duplicates)     0.06148     0.03953   0.0005082      0.1015       53.75 
-----------------------------------------------------------------------------------------
Clock: clk
Clock Period: 0.083330 usec 
Clock Toggle Rate:    23.9801 Mhz 
Clock Static Probability:  0.5000



-----------------------------------------------------------------------------------------
*	Power Distribution Summary: 
*                Highest Average Power: soc/CTS_cpc_drv_buf_00389 (CLKBUFX20):         0.001735 
*                Highest Leakage Power: soc/cpu/RC_CG_HIER_INST433/RC_CGIC_INST (TLATNTSCAX16):         2.52e-06 
*          Total Cap:      9.42273e-11 F
*          Total instances in design: 33263
*          Total instances in design with no power:     0
*          Total instances in design with no activity:     0
*          Total Fillers and Decap:     0
-----------------------------------------------------------------------------------------

