*----------------------------------------------------------------------------------------
*	Innovus 21.11-s130_1 (64bit) 08/19/2021 16:59 (Linux 3.10.0-693.el7.x86_64)
*	
*
* 	Date & Time:	2026-Apr-06 14:25:25 (2026-Apr-06 12:25:25 GMT)
*
*----------------------------------------------------------------------------------------
*
*	Design: et4351
*
*	Liberty Libraries used: 
*	        analysis_view_power: /data/Cadence/gpdk045_v60/gsclib045_all_v4.7/gsclib045_hvt/timing/fast_vdd1v2_basicCells_hvt.lib
*	        analysis_view_power: /data/Cadence/gpdk045_v60/gsclib045_svt_v4.7/gsclib045/timing/fast_vdd1v2_basicCells.lib
*	        analysis_view_power: /data/Cadence/gpdk045_v60/Synopsys_sram/saed32sram_tt1p05v125c.lib
*
*	Power Domain used: 
*              Rail:        VDD      Voltage:       1.32 
*
*       Power View : analysis_view_power
*
*       User-Defined Activity : N.A.
*
*	Switching Activity File used: 
*	        ../sim_struct/vcd/et4351.struct.vcd
*                    Vcd Window used(Start Time, Stop Time):   
*                     Vcd Scale Factor: 1 
* *                    Design annotation coverage: 0/27745 = 0% 
*
*       Hierarchical Global Activity: N.A.
*
*       Global Activity: N.A.
*
*       Sequential Element Activity: N.A.
*
*       Primary Input Activity: N.A.
*
*       Default icg ratio: N.A.
*
*       Global Comb ClockGate Ratio: N.A.
*
*	Power Units = 1mW
*
*	Time Units = 1e-09 secs 
*
*       report_power -outfile powerReports/prePlace_VCDImport.rpt
*
-----------------------------------------------------------------------------------------


Total Power 
-----------------------------------------------------------------------------------------
Total Internal Power:        0.09759511 	   84.2991%
Total Switching Power:       0.00278378 	    2.4045%
Total Leakage Power:         0.01539358 	   13.2964%
Total Power:                 0.11577247 
-----------------------------------------------------------------------------------------


Group                           Internal   Switching     Leakage       Total  Percentage 
                                Power      Power         Power         Power  (%)        
-----------------------------------------------------------------------------------------
Sequential                       0.06323   0.0002536     0.00523     0.06871       59.35 
Macro                           0.000288   5.623e-07           0   0.0002886      0.2493 
IO                                     0           0           0           0           0 
Combinational                   0.004119     0.00253     0.00979     0.01644        14.2 
Clock (Combinational)                  0           0           0           0           0 
Clock (Sequential)               0.02996           0    0.000374     0.03033        26.2 
-----------------------------------------------------------------------------------------
Total                             0.0976    0.002784     0.01539      0.1158         100 
-----------------------------------------------------------------------------------------


Rail                  Voltage   Internal   Switching     Leakage       Total  Percentage 
                                Power      Power         Power         Power  (%)        
-----------------------------------------------------------------------------------------
VDD                      1.32     0.0976    0.002784     0.01539      0.1158         100 


Clock                           Internal   Switching     Leakage       Total  Percentage 
                                Power      Power         Power         Power  (%)        
-----------------------------------------------------------------------------------------
clk                              0.02996           0    0.000374     0.03033        26.2 
-----------------------------------------------------------------------------------------
Total (excluding duplicates)     0.02996           0    0.000374     0.03033        26.2 
-----------------------------------------------------------------------------------------
Clock: clk
Clock Period: 0.083330 usec 
Clock Toggle Rate:    23.9801 Mhz 
Clock Static Probability:  0.5000



-----------------------------------------------------------------------------------------
*	Power Distribution Summary: 
*                Highest Average Power: soc/spimemio/drc_bufs8229 (BUFX12HVT):        0.0006494 
*                Highest Leakage Power: soc/cpu/genblk1.pcpi_mul/g10458 (CLKBUFX20HVT):        3.897e-06 
*          Total Cap:      3.12613e-11 F
*          Total instances in design: 25405
*          Total instances in design with no power:     0
*          Total instances in design with no activity:     0
*          Total Fillers and Decap:     0
-----------------------------------------------------------------------------------------

