============================================================
  Generated by:           Genus(TM) Synthesis Solution 21.10-p002_1
  Generated on:           Apr 06 2026  11:58:42 am
  Module:                 et4351
  Technology libraries:   slow_vdd1v0 1.0
                          saed32sram_ss0p95vn40c 1.0000000
                          physical_cells 
  Operating conditions:   PVT_0P9V_125C 
  Interconnect mode:      global
  Area mode:              physical library
============================================================

       Instance                              Module                        Cell Count  Cell Area  Net Area   Total Area 
------------------------------------------------------------------------------------------------------------------------
et4351                                                                          25405 136867.921 32159.064   169026.985 
  accel                accelerator                                              13546  61663.284 17844.731    79508.015 
    fft                accelerator_fft_LOG_MAX_N32_MEM_WIDTH32_ADDR_WIDTH        5522  18976.896  7549.096    26525.992 
    mem                accelerator_mem_MEM_DEPTH64                               7464  40326.246  9482.431    49808.677 
  flash_bufs_0_        bidir_buf_2074                                               1     11.286     0.000       11.286 
  flash_bufs_1_        bidir_buf_2075                                               1     11.286     0.000       11.286 
  flash_bufs_2_        bidir_buf_2076                                               1     11.286     0.000       11.286 
  flash_bufs_3_        bidir_buf                                                    1     11.286     0.000       11.286 
  soc                  picosoc                                                  11850  75138.289 14057.069    89195.358 
    cpu                picorv32_ENABLE_COUNTERS1_BARREL_SHIFTER1_COMPRESS       10431  35531.064 12359.712    47890.776 
      genblk1.pcpi_mul picorv32_pcpi_mul                                         1048   3535.938  1158.826     4694.764 
      genblk2.pcpi_div picorv32_pcpi_div                                          986   3508.578  1113.098     4621.676 
    memory             picosoc_mem_WORDS256                                         8  34537.759     2.965    34540.724 
    simpleuart         simpleuart                                                 565   2156.652   602.733     2759.385 
    spimemio           spimemio                                                   650   2358.090   666.137     3024.227 
      xfer             spimemio_xfer                                              216    744.876   217.085      961.961 
