###############################################################
#  Generated by:      Cadence Innovus 21.11-s130_1
#  OS:                Linux x86_64(Host ID et4351.ewi.tudelft.nl)
#  Generated on:      Tue Apr  7 16:13:28 2026
#  Design:            et4351
#  Command:           checkFPlan -outFile verifyReports/checkFPlan.rpt
###############################################################
WARNING (IMPFP-7236): DIE's corner: (664.8000000000 , 664.8000000000) is NOT on PlacementGrid,  Please use command getFPlanMode to check current Grid settings, use command setFPlanMode to change which grid to snap to. And use command get_snap_grid_info to get grids' offset and pitch. Command floorplan can be used to fix this issue.
WARNING (IMPFP-7238): CORE's  corner:	(630.6000000000 , 630.6000000000)  is	NOT on PlacementGrid. You can use the getFPlanMode command to check the current grid settings and use the setFPlanMode command to  change the grid to snap to. You can also use the get_snap_grid_info command to get information on the offset and pitch of the current snap grid. To resolve this issue, use the floorPlan command.
INFO (IMPFP-7241): Tech site CoreSite has no symmetry Y. 	Current symmetry setting : isSymmetryR90 false; isSymmetryX : false; isSymmetryY : false;

WARNING (IMPFP-10013): Halo should be created around block soc/memory/sram_0 and snapping rules are not checked since it's width is not multiple of default tech site's width.
WARNING (IMPFP-10013): Halo should be created around block soc/memory/sram_0 and snapping rules are not checked since it's height is not multiple of default tech site's height.
INFO (IMPFP-10122): Instance soc/memory/sram_0 not snapped to row-site.
WARNING (IMPFP-10013): Halo should be created around block soc/memory/sram_1 and snapping rules are not checked since it's width is not multiple of default tech site's width.
WARNING (IMPFP-10013): Halo should be created around block soc/memory/sram_1 and snapping rules are not checked since it's height is not multiple of default tech site's height.
INFO (IMPFP-10122): Instance soc/memory/sram_1 not snapped to row-site.
WARNING (IMPFP-10013): Halo should be created around block soc/memory/sram_2 and snapping rules are not checked since it's width is not multiple of default tech site's width.
WARNING (IMPFP-10013): Halo should be created around block soc/memory/sram_2 and snapping rules are not checked since it's height is not multiple of default tech site's height.
INFO (IMPFP-10122): Instance soc/memory/sram_2 not snapped to row-site.
WARNING (IMPFP-10013): Halo should be created around block soc/memory/sram_3 and snapping rules are not checked since it's width is not multiple of default tech site's width.
WARNING (IMPFP-10013): Halo should be created around block soc/memory/sram_3 and snapping rules are not checked since it's height is not multiple of default tech site's height.
INFO (IMPFP-10122): Instance soc/memory/sram_3 not snapped to row-site.
**INFO: No. of regular pre-routes not on tracks : 0 

