###############################################################
#  Generated by:      Cadence Innovus 21.11-s130_1
#  OS:                Linux x86_64(Host ID et4351.ewi.tudelft.nl)
#  Generated on:      Tue Apr  7 16:30:20 2026
#  Design:            et4351
#  Command:           check_timing -verbose > verifyReports/cts_check_timing.rpt
###############################################################
     +----------------------------------------------------------------------------------+ 
     |                               TIMING CHECK SUMMARY                               | 
     |----------------------------------------------------------------------------------| 
     |       Warning        |              Warning Description               |  Number  | 
     |                      |                                                |    of    | 
     |                      |                                                | Warnings | 
     |----------------------+------------------------------------------------+----------| 
     | ideal_clock_waveform | Clock waveform is ideal                        |        4 | 
     | no_drive             | No drive assertion                             |       14 | 
     | no_input_delay       | No input delay assertion with respect to clock |        4 | 
     | uncons_endpoint      | Unconstrained signal arriving at end point     |       84 | 
     +----------------------------------------------------------------------------------+ 
     +--------------------------------------------------------------------------------------------------------+ 
     |                                          TIMING CHECK DETAIL                                           | 
     |--------------------------------------------------------------------------------------------------------| 
     |               Pin               |                    Warning                     |        View         | 
     |---------------------------------+------------------------------------------------+---------------------| 
     |               clk               | No drive assertion                             | analysis_view_setup | 
     |             resetn              | No drive assertion                             | analysis_view_setup | 
     |             ser_rx              | No drive assertion                             | analysis_view_setup | 
     |               clk               | No drive assertion                             | analysis_view_power | 
     |             resetn              | No drive assertion                             | analysis_view_power | 
     |             ser_rx              | No drive assertion                             | analysis_view_power | 
     |             resetn              | No input delay assertion with respect to clock | analysis_view_setup | 
     |             ser_rx              | No input delay assertion with respect to clock | analysis_view_setup | 
     |             resetn              | No input delay assertion with respect to clock | analysis_view_power | 
     |             ser_rx              | No input delay assertion with respect to clock | analysis_view_power | 
     |             ser_tx              | Unconstrained signal arriving at end point     | analysis_view_setup | 
     |  soc/cpu/cpuregs_reg_30__11_/RN | Unconstrained signal arriving at end point     | analysis_view_setup | 
     |  soc/cpu/cpuregs_reg_30__16_/RN | Unconstrained signal arriving at end point     | analysis_view_setup | 
     |  soc/cpu/cpuregs_reg_31__6_/RN  | Unconstrained signal arriving at end point     | analysis_view_setup | 
     |  soc/cpu/cpuregs_reg_31__24_/RN | Unconstrained signal arriving at end point     | analysis_view_setup | 
     |  soc/cpu/cpuregs_reg_31__29_/RN | Unconstrained signal arriving at end point     | analysis_view_setup | 
     |      soc/memory/sram_1/CSB      | Unconstrained signal arriving at end point     | analysis_view_setup | 
     |      soc/memory/sram_3/CSB      | Unconstrained signal arriving at end point     | analysis_view_setup | 
     | soc/spimemio/xfer_io1_90_reg/RN | Unconstrained signal arriving at end point     | analysis_view_setup | 
     | soc/spimemio/xfer_io1_90_reg/SN | Unconstrained signal arriving at end point     | analysis_view_setup | 
     |             ser_tx              | Unconstrained signal arriving at end point     | analysis_view_power | 
     |  soc/cpu/cpuregs_reg_30__11_/RN | Unconstrained signal arriving at end point     | analysis_view_power | 
     |  soc/cpu/cpuregs_reg_30__16_/RN | Unconstrained signal arriving at end point     | analysis_view_power | 
     |  soc/cpu/cpuregs_reg_31__6_/RN  | Unconstrained signal arriving at end point     | analysis_view_power | 
     |  soc/cpu/cpuregs_reg_31__24_/RN | Unconstrained signal arriving at end point     | analysis_view_power | 
     |  soc/cpu/cpuregs_reg_31__29_/RN | Unconstrained signal arriving at end point     | analysis_view_power | 
     |      soc/memory/sram_1/CSB      | Unconstrained signal arriving at end point     | analysis_view_power | 
     |      soc/memory/sram_3/CSB      | Unconstrained signal arriving at end point     | analysis_view_power | 
     | soc/spimemio/xfer_io1_90_reg/RN | Unconstrained signal arriving at end point     | analysis_view_power | 
     | soc/spimemio/xfer_io1_90_reg/SN | Unconstrained signal arriving at end point     | analysis_view_power | 
     |  soc/cpu/cpuregs_reg_30__14_/RN | Unconstrained signal arriving at end point     | analysis_view_setup | 
     |  soc/cpu/cpuregs_reg_30__21_/RN | Unconstrained signal arriving at end point     | analysis_view_setup | 
     |  soc/cpu/cpuregs_reg_30__26_/RN | Unconstrained signal arriving at end point     | analysis_view_setup | 
     |  soc/cpu/cpuregs_reg_31__12_/RN | Unconstrained signal arriving at end point     | analysis_view_setup | 
     |  soc/cpu/cpuregs_reg_31__17_/RN | Unconstrained signal arriving at end point     | analysis_view_setup | 
     |  soc/cpu/cpuregs_reg_31__23_/RN | Unconstrained signal arriving at end point     | analysis_view_setup | 
     |  soc/cpu/cpuregs_reg_31__28_/RN | Unconstrained signal arriving at end point     | analysis_view_setup | 
     | soc/spimemio/xfer_io0_90_reg/RN | Unconstrained signal arriving at end point     | analysis_view_setup | 
     | soc/spimemio/xfer_io0_90_reg/SN | Unconstrained signal arriving at end point     | analysis_view_setup | 
     |  soc/cpu/cpuregs_reg_30__14_/RN | Unconstrained signal arriving at end point     | analysis_view_power | 
     |  soc/cpu/cpuregs_reg_30__21_/RN | Unconstrained signal arriving at end point     | analysis_view_power | 
     |  soc/cpu/cpuregs_reg_30__26_/RN | Unconstrained signal arriving at end point     | analysis_view_power | 
     |  soc/cpu/cpuregs_reg_31__12_/RN | Unconstrained signal arriving at end point     | analysis_view_power | 
     |  soc/cpu/cpuregs_reg_31__17_/RN | Unconstrained signal arriving at end point     | analysis_view_power | 
     |  soc/cpu/cpuregs_reg_31__23_/RN | Unconstrained signal arriving at end point     | analysis_view_power | 
     |  soc/cpu/cpuregs_reg_31__28_/RN | Unconstrained signal arriving at end point     | analysis_view_power | 
     | soc/spimemio/xfer_io0_90_reg/RN | Unconstrained signal arriving at end point     | analysis_view_power | 
     | soc/spimemio/xfer_io0_90_reg/SN | Unconstrained signal arriving at end point     | analysis_view_power | 
     |            flash_io0            | No drive assertion                             | analysis_view_setup | 
     |            flash_io1            | No drive assertion                             | analysis_view_setup | 
     |            flash_io2            | No drive assertion                             | analysis_view_setup | 
     |            flash_io3            | No drive assertion                             | analysis_view_setup | 
     |            flash_io0            | No drive assertion                             | analysis_view_power | 
     |            flash_io1            | No drive assertion                             | analysis_view_power | 
     |            flash_io2            | No drive assertion                             | analysis_view_power | 
     |            flash_io3            | No drive assertion                             | analysis_view_power | 
     |  soc/cpu/cpuregs_reg_30__9_/RN  | Unconstrained signal arriving at end point     | analysis_view_setup | 
     |  soc/cpu/cpuregs_reg_31__7_/RN  | Unconstrained signal arriving at end point     | analysis_view_setup | 
     |  soc/cpu/cpuregs_reg_31__19_/RN | Unconstrained signal arriving at end point     | analysis_view_setup | 
     |      soc/memory/sram_0/CSB      | Unconstrained signal arriving at end point     | analysis_view_setup | 
     |      soc/memory/sram_2/CSB      | Unconstrained signal arriving at end point     | analysis_view_setup | 
     | soc/spimemio/xfer_io2_90_reg/RN | Unconstrained signal arriving at end point     | analysis_view_setup | 
     | soc/spimemio/xfer_io2_90_reg/SN | Unconstrained signal arriving at end point     | analysis_view_setup | 
     | soc/spimemio/xfer_io3_90_reg/SN | Unconstrained signal arriving at end point     | analysis_view_setup | 
     |      resetn_sync_int_reg/D      | Unconstrained signal arriving at end point     | analysis_view_setup | 
     |  soc/cpu/cpuregs_reg_30__9_/RN  | Unconstrained signal arriving at end point     | analysis_view_power | 
     |  soc/cpu/cpuregs_reg_31__7_/RN  | Unconstrained signal arriving at end point     | analysis_view_power | 
     |  soc/cpu/cpuregs_reg_31__19_/RN | Unconstrained signal arriving at end point     | analysis_view_power | 
     |      soc/memory/sram_0/CSB      | Unconstrained signal arriving at end point     | analysis_view_power | 
     |      soc/memory/sram_2/CSB      | Unconstrained signal arriving at end point     | analysis_view_power | 
     | soc/spimemio/xfer_io2_90_reg/RN | Unconstrained signal arriving at end point     | analysis_view_power | 
     | soc/spimemio/xfer_io2_90_reg/SN | Unconstrained signal arriving at end point     | analysis_view_power | 
     | soc/spimemio/xfer_io3_90_reg/SN | Unconstrained signal arriving at end point     | analysis_view_power | 
     |      resetn_sync_int_reg/D      | Unconstrained signal arriving at end point     | analysis_view_power | 
     |            flash_clk            | Unconstrained signal arriving at end point     | analysis_view_setup | 
     |  soc/cpu/cpuregs_reg_30__8_/RN  | Unconstrained signal arriving at end point     | analysis_view_setup | 
     |  soc/cpu/cpuregs_reg_30__15_/RN | Unconstrained signal arriving at end point     | analysis_view_setup | 
     |  soc/cpu/cpuregs_reg_30__20_/RN | Unconstrained signal arriving at end point     | analysis_view_setup | 
     |  soc/cpu/cpuregs_reg_30__25_/RN | Unconstrained signal arriving at end point     | analysis_view_setup | 
     |  soc/cpu/cpuregs_reg_30__30_/RN | Unconstrained signal arriving at end point     | analysis_view_setup | 
     |  soc/cpu/cpuregs_reg_31__5_/RN  | Unconstrained signal arriving at end point     | analysis_view_setup | 
     |  soc/cpu/cpuregs_reg_31__10_/RN | Unconstrained signal arriving at end point     | analysis_view_setup | 
     |  soc/cpu/cpuregs_reg_31__13_/RN | Unconstrained signal arriving at end point     | analysis_view_setup | 
     |  soc/cpu/cpuregs_reg_31__18_/RN | Unconstrained signal arriving at end point     | analysis_view_setup | 
     |  soc/cpu/cpuregs_reg_31__22_/RN | Unconstrained signal arriving at end point     | analysis_view_setup | 
     |  soc/cpu/cpuregs_reg_31__27_/RN | Unconstrained signal arriving at end point     | analysis_view_setup | 
     |  soc/cpu/cpuregs_reg_31__31_/RN | Unconstrained signal arriving at end point     | analysis_view_setup | 
     | soc/spimemio/xfer_io3_90_reg/RN | Unconstrained signal arriving at end point     | analysis_view_setup | 
     |            flash_clk            | Unconstrained signal arriving at end point     | analysis_view_power | 
     |  soc/cpu/cpuregs_reg_30__8_/RN  | Unconstrained signal arriving at end point     | analysis_view_power | 
     |  soc/cpu/cpuregs_reg_30__15_/RN | Unconstrained signal arriving at end point     | analysis_view_power | 
     |  soc/cpu/cpuregs_reg_30__20_/RN | Unconstrained signal arriving at end point     | analysis_view_power | 
     |  soc/cpu/cpuregs_reg_30__25_/RN | Unconstrained signal arriving at end point     | analysis_view_power | 
     |  soc/cpu/cpuregs_reg_30__30_/RN | Unconstrained signal arriving at end point     | analysis_view_power | 
     |  soc/cpu/cpuregs_reg_31__5_/RN  | Unconstrained signal arriving at end point     | analysis_view_power | 
     |  soc/cpu/cpuregs_reg_31__10_/RN | Unconstrained signal arriving at end point     | analysis_view_power | 
     |  soc/cpu/cpuregs_reg_31__13_/RN | Unconstrained signal arriving at end point     | analysis_view_power | 
     |  soc/cpu/cpuregs_reg_31__18_/RN | Unconstrained signal arriving at end point     | analysis_view_power | 
     |  soc/cpu/cpuregs_reg_31__22_/RN | Unconstrained signal arriving at end point     | analysis_view_power | 
     |  soc/cpu/cpuregs_reg_31__27_/RN | Unconstrained signal arriving at end point     | analysis_view_power | 
     |  soc/cpu/cpuregs_reg_31__31_/RN | Unconstrained signal arriving at end point     | analysis_view_power | 
     | soc/spimemio/xfer_io3_90_reg/RN | Unconstrained signal arriving at end point     | analysis_view_power | 
     +--------------------------------------------------------------------------------------------------------+ 
     +---------------------------------+ 
     |    TIMING CHECK IDEAL CLOCKS    | 
     |---------------------------------| 
     |   Clock   |        View         | 
     |  Waveform |                     | 
     |-----------+---------------------| 
     |    clk    | analysis_view_power | 
     |    clk    | analysis_view_setup | 
     | flash_clk | analysis_view_power | 
     | flash_clk | analysis_view_setup | 
     +---------------------------------+ 
