============================================================
  Generated by:           Genus(TM) Synthesis Solution 21.10-p002_1
  Generated on:           Apr 07 2026  04:11:03 pm
  Module:                 et4351
  Technology libraries:   slow_vdd1v2 1.0
                          saed32sram_ss0p95vn40c 1.0000000
                          physical_cells 
  Operating conditions:   PVT_1P08V_125C 
  Interconnect mode:      global
  Area mode:              physical library
============================================================

                                     
     Gate      Instances     Area             Library          
---------------------------------------------------------------
ADDFX1LVT           2195   11260.350    slow_vdd1v2            
ADDHX1LVT            489    1839.618    slow_vdd1v2            
AND2X1LVT            869    1188.792    slow_vdd1v2            
AND2X2LVT             66     112.860    slow_vdd1v2            
AND2X4LVT            190     519.840    slow_vdd1v2            
AND2X6LVT              6      22.572    slow_vdd1v2            
AND2X8LVT             72     320.112    slow_vdd1v2            
AND3X1LVT              1       2.394    slow_vdd1v2            
AND3X2LVT              1       2.736    slow_vdd1v2            
AND3X4LVT              6      18.468    slow_vdd1v2            
AND3X8LVT              2      10.260    slow_vdd1v2            
AND3XLLVT             40      82.080    slow_vdd1v2            
AND4X1LVT             15      35.910    slow_vdd1v2            
AND4X4LVT              1       3.762    slow_vdd1v2            
AO21X1LVT             13      31.122    slow_vdd1v2            
AO21X2LVT              2       5.472    slow_vdd1v2            
AO21X4LVT              6      20.520    slow_vdd1v2            
AO22X1LVT           1829    5004.144    slow_vdd1v2            
AO22X2LVT             38     116.964    slow_vdd1v2            
AO22X4LVT             50     188.100    slow_vdd1v2            
AOI211X1LVT            1       2.394    slow_vdd1v2            
AOI211X2LVT            1       3.420    slow_vdd1v2            
AOI211XLLVT           10      20.520    slow_vdd1v2            
AOI21X1LVT           149     254.790    slow_vdd1v2            
AOI221X1LVT          855    2046.870    slow_vdd1v2            
AOI222X1LVT          235     723.330    slow_vdd1v2            
AOI22X1LVT          4243    8706.636    slow_vdd1v2            
AOI2BB1X1LVT           8      16.416    slow_vdd1v2            
AOI2BB2X1LVT          15      51.300    slow_vdd1v2            
AOI31X1LVT             9      18.468    slow_vdd1v2            
AOI32X1LVT           109     260.946    slow_vdd1v2            
AOI33X1LVT             5      13.680    slow_vdd1v2            
BUFX20LVT              1       8.208    slow_vdd1v2            
BUFX2LVT               7      11.970    slow_vdd1v2            
BUFX3LVT               3       6.156    slow_vdd1v2            
BUFX4LVT               2       4.788    slow_vdd1v2            
BUFX6LVT               3       9.234    slow_vdd1v2            
CLKAND2X12LVT          1       7.524    slow_vdd1v2            
CLKAND2X8LVT           1       5.814    slow_vdd1v2            
CLKBUFX2LVT            2       3.420    slow_vdd1v2            
CLKINVX12LVT          11      45.144    slow_vdd1v2            
CLKINVX4LVT           14      23.940    slow_vdd1v2            
CLKINVX6LVT            8      19.152    slow_vdd1v2            
CLKINVX8LVT           15      46.170    slow_vdd1v2            
CLKMX2X2LVT           37     113.886    slow_vdd1v2            
CLKMX2X3LVT            2       8.208    slow_vdd1v2            
CLKMX2X4LVT            7      28.728    slow_vdd1v2            
CLKMX2X8LVT           64     372.096    slow_vdd1v2            
CLKXOR2X1LVT          27      73.872    slow_vdd1v2            
DFFHQX1LVT          2653   14517.216    slow_vdd1v2            
DFFHQX8LVT             2      18.468    slow_vdd1v2            
DFFNSRX1LVT            4      36.936    slow_vdd1v2            
DFFQX2LVT             41     266.418    slow_vdd1v2            
DFFQX4LVT              1       7.182    slow_vdd1v2            
DFFQXLLVT              3      16.416    slow_vdd1v2            
DFFRHQX1LVT           97     597.132    slow_vdd1v2            
DFFRX1LVT             96     656.640    slow_vdd1v2            
DFFRX2LVT              1       7.524    slow_vdd1v2            
DFFSHQX1LVT           13      84.474    slow_vdd1v2            
DFFSHQX4LVT            1       9.576    slow_vdd1v2            
DFFSX1LVT              2      15.048    slow_vdd1v2            
DFFSX2LVT              1      10.260    slow_vdd1v2            
DFFTRX2LVT             2      16.416    slow_vdd1v2            
DFFX1LVT              46     330.372    slow_vdd1v2            
DFFX2LVT              32     262.656    slow_vdd1v2            
DFFX4LVT               1       9.234    slow_vdd1v2            
EDFFHQX1LVT         4221   36089.550    slow_vdd1v2            
EDFFTRXLLVT            1      11.628    slow_vdd1v2            
EDFFX2LVT              6      55.404    slow_vdd1v2            
INVX1LVT             753     515.052    slow_vdd1v2            
INVX20LVT              6      38.988    slow_vdd1v2            
INVX2LVT              75      76.950    slow_vdd1v2            
INVX3LVT              11      15.048    slow_vdd1v2            
INVXLLVT              11       7.524    slow_vdd1v2            
MDFFHQX1LVT            1       8.550    slow_vdd1v2            
MX2X1LVT             418    1000.692    slow_vdd1v2            
MX3XLLVT              31     148.428    slow_vdd1v2            
MXI2X1LVT              1       2.736    slow_vdd1v2            
MXI2X6LVT              1       5.130    slow_vdd1v2            
MXI2XLLVT            202     483.588    slow_vdd1v2            
NAND2BX1LVT          233     318.744    slow_vdd1v2            
NAND2BX2LVT           26      62.244    slow_vdd1v2            
NAND2BX4LVT           21      79.002    slow_vdd1v2            
NAND2X1LVT           492     504.792    slow_vdd1v2            
NAND2X2LVT            15      25.650    slow_vdd1v2            
NAND2X4LVT             2       6.840    slow_vdd1v2            
NAND2X6LVT             1       4.788    slow_vdd1v2            
NAND3BX1LVT            8      16.416    slow_vdd1v2            
NAND3BX2LVT            4      12.312    slow_vdd1v2            
NAND3BX4LVT            1       5.130    slow_vdd1v2            
NAND3BXLLVT           40      68.400    slow_vdd1v2            
NAND3X1LVT            86     147.060    slow_vdd1v2            
NAND3X2LVT            23      62.928    slow_vdd1v2            
NAND4BBX1LVT           2       6.840    slow_vdd1v2            
NAND4BX1LVT          116     277.704    slow_vdd1v2            
NAND4X1LVT           761    1561.572    slow_vdd1v2            
NAND4X2LVT             2       7.524    slow_vdd1v2            
NOR2BX1LVT           242     331.056    slow_vdd1v2            
NOR2BX2LVT            19      51.984    slow_vdd1v2            
NOR2BX4LVT            14      52.668    slow_vdd1v2            
NOR2X1LVT            959     983.934    slow_vdd1v2            
NOR2X2LVT            421     719.910    slow_vdd1v2            
NOR2X4LVT              3       9.234    slow_vdd1v2            
NOR2X6LVT             21      86.184    slow_vdd1v2            
NOR2X8LVT              3      16.416    slow_vdd1v2            
NOR3BX1LVT            23      47.196    slow_vdd1v2            
NOR3X1LVT             37      63.270    slow_vdd1v2            
NOR3X2LVT              3       8.208    slow_vdd1v2            
NOR4BBX1LVT            3       8.208    slow_vdd1v2            
NOR4BX1LVT             5      11.970    slow_vdd1v2            
NOR4BX2LVT             2       9.576    slow_vdd1v2            
NOR4X1LVT            148     253.080    slow_vdd1v2            
NOR4X2LVT              4      13.680    slow_vdd1v2            
OA21X1LVT             20      41.040    slow_vdd1v2            
OA21X2LVT              7      21.546    slow_vdd1v2            
OA21X4LVT             32     120.384    slow_vdd1v2            
OA22X1LVT             39      93.366    slow_vdd1v2            
OAI211X1LVT           90     153.900    slow_vdd1v2            
OAI211X2LVT            1       4.104    slow_vdd1v2            
OAI21X1LVT           131     224.010    slow_vdd1v2            
OAI21X2LVT             3       9.234    slow_vdd1v2            
OAI221X1LVT           33      79.002    slow_vdd1v2            
OAI222X1LVT           14      38.304    slow_vdd1v2            
OAI22X1LVT          1611    3305.772    slow_vdd1v2            
OAI2BB1X1LVT         474     810.540    slow_vdd1v2            
OAI2BB1X2LVT           2       6.156    slow_vdd1v2            
OAI31X1LVT            12      24.624    slow_vdd1v2            
OAI31X2LVT             1       3.762    slow_vdd1v2            
OAI32X1LVT            10      23.940    slow_vdd1v2            
OR2X1LVT             253     346.104    slow_vdd1v2            
OR2X2LVT              26      44.460    slow_vdd1v2            
OR2X4LVT              41     112.176    slow_vdd1v2            
OR2X6LVT               5      18.810    slow_vdd1v2            
OR2X8LVT               6      26.676    slow_vdd1v2            
OR2XLLVT               2       2.736    slow_vdd1v2            
OR3X1LVT              31      63.612    slow_vdd1v2            
OR3X4LVT              37     113.886    slow_vdd1v2            
OR4X1LVT             247     506.844    slow_vdd1v2            
SRAM1RW256x8           4   34535.023    saed32sram_ss0p95vn40c 
TBUFX3LVT              4      17.784    slow_vdd1v2            
XNOR2X1LVT          2196    5257.224    slow_vdd1v2            
XNOR2X2LVT            20      61.560    slow_vdd1v2            
XNOR2X4LVT            24      90.288    slow_vdd1v2            
---------------------------------------------------------------
total              29586  141005.779                           


        Library        Instances    Area    Instances % 
--------------------------------------------------------
saed32sram_ss0p95vn40c         4  34535.023         0.0 
slow_vdd1v2                29582 106470.756       100.0 

                                           
     Type      Instances    Area    Area % 
-------------------------------------------
timing_model           4  34535.023   24.5 
sequential          7225  53027.100   37.6 
inverter             904    787.968    0.6 
buffer                18     43.776    0.0 
tristate               4     17.784    0.0 
logic              21431  52594.128   37.3 
physical_cells         0      0.000    0.0 
-------------------------------------------
total              29586 141005.779  100.0 

