*----------------------------------------------------------------------------------------
*	Innovus 21.11-s130_1 (64bit) 08/19/2021 16:59 (Linux 3.10.0-693.el7.x86_64)
*	
*
* 	Date & Time:	2026-Apr-07 16:30:15 (2026-Apr-07 14:30:15 GMT)
*
*----------------------------------------------------------------------------------------
*
*	Design: et4351
*
*	Liberty Libraries used: 
*	        analysis_view_power: /data/Cadence/gpdk045_v60/gsclib045_all_v4.7/gsclib045_lvt/timing/fast_vdd1v2_basicCells_lvt.lib
*	        analysis_view_power: /data/Cadence/gpdk045_v60/Synopsys_sram/saed32sram_tt1p05v125c.lib
*
*	Power Domain used: 
*              Rail:        VDD      Voltage:       1.32 
*
*       Power View : analysis_view_power
*
*       User-Defined Activity : N.A.
*
*	Switching Activity File used: 
*	        ../sim_struct/vcd/et4351.struct.vcd
*                    Vcd Window used(Start Time, Stop Time):   
*                     Vcd Scale Factor: 1 
* *                    Design annotation coverage: 0/45333 = 0% 
*
*       Hierarchical Global Activity: N.A.
*
*       Global Activity: N.A.
*
*       Sequential Element Activity: N.A.
*
*       Primary Input Activity: N.A.
*
*       Default icg ratio: N.A.
*
*       Global Comb ClockGate Ratio: N.A.
*
*	Power Units = 1mW
*
*	Time Units = 1e-09 secs 
*
*       report_power -outfile powerReports/postCTSHold.rpt
*
-----------------------------------------------------------------------------------------


Total Power 
-----------------------------------------------------------------------------------------
Total Internal Power:        3.22611166 	   68.6545%
Total Switching Power:       1.35758156 	   28.8905%
Total Leakage Power:         0.11536101 	    2.4550%
Total Power:                 4.69905423 
-----------------------------------------------------------------------------------------


Group                           Internal   Switching     Leakage       Total  Percentage 
                                Power      Power         Power         Power  (%)        
-----------------------------------------------------------------------------------------
Sequential                         2.374     0.01061     0.03046       2.415        51.4 
Macro                                  0   5.565e-05           0   5.565e-05    0.001184 
IO                                     0           0   3.987e-07   3.987e-07   8.485e-06 
Combinational                     0.6104      0.7878     0.08418       1.482       31.55 
Clock (Combinational)             0.2416      0.5591   0.0007194      0.8014       17.05 
Clock (Sequential)                     0           0           0           0           0 
-----------------------------------------------------------------------------------------
Total                              3.226       1.358      0.1154       4.699         100 
-----------------------------------------------------------------------------------------


Rail                  Voltage   Internal   Switching     Leakage       Total  Percentage 
                                Power      Power         Power         Power  (%)        
-----------------------------------------------------------------------------------------
VDD                      1.32      3.226       1.358      0.1154       4.699         100 


Clock                           Internal   Switching     Leakage       Total  Percentage 
                                Power      Power         Power         Power  (%)        
-----------------------------------------------------------------------------------------
clk                               0.2416      0.5591   0.0007194      0.8014       17.05 
-----------------------------------------------------------------------------------------
Total (excluding duplicates)      0.2416      0.5591   0.0007194      0.8014       17.05 
-----------------------------------------------------------------------------------------
Clock: clk
Clock Period: 0.016000 usec 
Clock Toggle Rate:   125.0000 Mhz 
Clock Static Probability:  0.5000



-----------------------------------------------------------------------------------------
*	Power Distribution Summary: 
*                Highest Average Power:   soc/CTS_ccl_a_buf_00003 (CLKBUFX20LVT):          0.01109 
*                Highest Leakage Power:       CTS_ccl_a_buf_00001 (CLKBUFX20LVT):        9.495e-06 
*          Total Cap:      1.72875e-10 F
*          Total instances in design: 42426
*          Total instances in design with no power:     0
*          Total instances in design with no activity:     0
*          Total Fillers and Decap:     0
-----------------------------------------------------------------------------------------

