*----------------------------------------------------------------------------------------
*	Innovus 21.11-s130_1 (64bit) 08/19/2021 16:59 (Linux 3.10.0-693.el7.x86_64)
*	
*
* 	Date & Time:	2026-Apr-09 19:51:19 (2026-Apr-09 17:51:19 GMT)
*
*----------------------------------------------------------------------------------------
*
*	Design: et4351
*
*	Liberty Libraries used: 
*	        analysis_view_power: /data/Cadence/gpdk045_v60/gsclib045_all_v4.7/gsclib045_lvt/timing/fast_vdd1v2_basicCells_lvt.lib
*	        analysis_view_power: /data/Cadence/gpdk045_v60/Synopsys_sram/saed32sram_tt1p05v125c.lib
*
*	Power Domain used: 
*              Rail:        VDD      Voltage:       1.32 
*
*       Power View : analysis_view_power
*
*       User-Defined Activity : N.A.
*
*	Switching Activity File used: 
*	        ../sim_struct/vcd/et4351.struct.vcd
*                    Vcd Window used(Start Time, Stop Time):   
*                     Vcd Scale Factor: 1 
* *                    Design annotation coverage: 0/33471 = 0% 
*
*       Hierarchical Global Activity: N.A.
*
*       Global Activity: N.A.
*
*       Sequential Element Activity: N.A.
*
*       Primary Input Activity: N.A.
*
*       Default icg ratio: N.A.
*
*       Global Comb ClockGate Ratio: N.A.
*
*	Power Units = 1mW
*
*	Time Units = 1e-09 secs 
*
*       report_power -outfile powerReports/preCTS.rpt
*
-----------------------------------------------------------------------------------------


Total Power 
-----------------------------------------------------------------------------------------
Total Internal Power:        2.62554279 	   76.8075%
Total Switching Power:       0.72566182 	   21.2285%
Total Leakage Power:         0.06713795 	    1.9640%
Total Power:                 3.41834255 
-----------------------------------------------------------------------------------------


Group                           Internal   Switching     Leakage       Total  Percentage 
                                Power      Power         Power         Power  (%)        
-----------------------------------------------------------------------------------------
Sequential                          2.14     0.01008     0.03046        2.18       63.78 
Macro                                  0   5.643e-05           0   5.643e-05    0.001651 
IO                                     0           0   4.729e-07   4.729e-07   1.383e-05 
Combinational                     0.4859      0.7155     0.03667       1.238       36.22 
Clock (Combinational)                  0           0           0           0           0 
Clock (Sequential)                     0           0           0           0           0 
-----------------------------------------------------------------------------------------
Total                              2.626      0.7257     0.06714       3.418         100 
-----------------------------------------------------------------------------------------


Rail                  Voltage   Internal   Switching     Leakage       Total  Percentage 
                                Power      Power         Power         Power  (%)        
-----------------------------------------------------------------------------------------
VDD                      1.32      2.626      0.7257     0.06714       3.418         100 


-----------------------------------------------------------------------------------------
*	Power Distribution Summary: 
*                Highest Average Power: accel/mem/FE_OFC1338_mem_wstrb_b0_1 (CLKINVX12LVT):         0.005254 
*                Highest Leakage Power: soc/cpu/latched_is_lb_reg (EDFFTRXLLVT):        7.435e-06 
*          Total Cap:      1.08444e-10 F
*          Total instances in design: 30564
*          Total instances in design with no power:     0
*          Total instances in design with no activity:     0
*          Total Fillers and Decap:     0
-----------------------------------------------------------------------------------------

