###############################################################
#  Generated by:      Cadence Innovus 21.11-s130_1
#  OS:                Linux x86_64(Host ID et4351.ewi.tudelft.nl)
#  Generated on:      Mon Apr  6 14:33:18 2026
#  Design:            et4351
#  Command:           checkPlace verifyReports/checkPlace.rpt
###############################################################

#########################################################
## Total instances with placement violations: 145
#########################################################

## Insts placed on techSites not matching their cells' (145) ##
#########################################################
### 145 TechSite Violation>
set pchkTechSiteList [list \
	{accel/FE_OFC1289_mem_rdata_b0_a_21} \
	{accel/FE_OFC1288_mem_rdata_b0_a_22} \
	{accel/FE_OFC1048_n_569} \
	{accel/FE_OFC1047_n_579} \
	{accel/FE_OFC1043_n_578} \
	{accel/FE_OFC1034_n_576} \
	{accel/FE_OFC1022_n_567} \
	{accel/FE_OFC296_iomem_wdata_0} \
	{accel/fft/FE_OFC2931_FE_DBTN64_iomem_accel_0__0} \
	{accel/fft/FE_OFC2262_n_1421} \
	{accel/fft/FE_OFC2253_csa_tree_add_323_42_groupi_n_465} \
	{accel/fft/FE_OFC2243_n_1375} \
	{accel/fft/FE_OFC2230_n_1429} \
	{accel/fft/FE_OFC2227_n_1407} \
	{accel/fft/FE_OFC2211_n_1408} \
	{accel/fft/FE_OFC2187_csa_tree_add_323_42_groupi_n_201} \
	{accel/fft/FE_OFC2068_csa_tree_add_323_42_groupi_n_213} \
	{accel/fft/FE_OFC2066_csa_tree_add_323_42_groupi_n_211} \
	{accel/fft/FE_OFC2061_csa_tree_sub_322_42_groupi_n_184} \
	{accel/fft/FE_OFC2048_csa_tree_add_323_42_groupi_n_847} \
	{accel/fft/FE_OFC1002_csa_tree_sub_322_42_groupi_n_1431} \
	{accel/fft/FE_OFC1001_csa_tree_sub_322_42_groupi_n_1451} \
	{accel/fft/FE_OFC972_csa_tree_sub_322_42_groupi_n_1547} \
	{accel/fft/FE_OFC971_csa_tree_add_323_42_groupi_n_1789} \
	{accel/fft/FE_OFC970_csa_tree_add_323_42_groupi_n_1953} \
	{accel/fft/FE_OFC969_csa_tree_add_323_42_groupi_n_1687} \
	{accel/fft/FE_OFC968_csa_tree_sub_322_42_groupi_n_1546} \
	{accel/fft/FE_OFC967_csa_tree_add_323_42_groupi_n_1758} \
	{accel/fft/FE_OFC962_csa_tree_add_323_42_groupi_n_1791} \
	{accel/fft/FE_OFC927_csa_tree_sub_322_42_groupi_n_1339} \
	{accel/fft/FE_OFC349_csa_tree_sub_322_42_groupi_n_1628} \
	{accel/fft/FE_OFC341_csa_tree_sub_322_42_groupi_n_1629} \
	{accel/fft/FE_OFC255_iomem_accel_0__0} \
	{accel/fft/FE_OFC209_csa_tree_sub_322_42_groupi_n_1373} \
	{accel/fft/FE_OFC190_csa_tree_sub_322_42_groupi_n_1374} \
	{accel/fft/FE_OFC163_w_im_8} \
	{accel/fft/FE_OFC156_w_im_10} \
	{accel/fft/FE_OFC148_w_re_2} \
	{accel/fft/FE_OFC144_w_re_7} \
	{accel/fft/FE_OFC142_w_re_1} \
	{accel/fft/FE_OFC103_csa_tree_sub_322_42_groupi_n_1368} \
	{accel/fft/FE_OFC95_w_re_3} \
	{accel/fft/FE_OFC79_w_im_9} \
	{accel/fft/FE_OFC72_n_1334} \
	{accel/fft/FE_OFC61_w_re_0} \
	{accel/fft/FE_OFC59_n_1286} \
	{accel/fft/FE_OFC52_n_1336} \
	{accel/fft/FE_OFC51_n_1293} \
	{accel/fft/FE_OFC43_n_1337} \
	{accel/fft/FE_OFC42_n_1335} \
	{accel/fft/FE_OFC29_n_1289} \
	{accel/mem/FE_OFC1316_mem_addr_a_4} \
	{accel/mem/FE_OFC1243_mem_addr_a_4} \
	{accel/mem/FE_OFC1225_n_9293_BAR} \
	{accel/mem/FE_OFC1216_n_3451} \
	{flash_bufs_1_/FE_OFC233_flash_io1_oe} \
	{soc/FE_OFC1059_n_292} \
	{soc/FE_OFC1052_iomem_rdata_13} \
	{soc/FE_OFC1051_iomem_rdata_12} \
	{soc/FE_OFC1044_iomem_rdata_9} \
	{soc/FE_OFC1037_n_142} \
	{soc/FE_OFC1036_iomem_rdata_15} \
	{soc/FE_OFC1029_n_141} \
	{soc/FE_OFC1028_iomem_rdata_11} \
	{soc/FE_OFC1008_iomem_rdata_10} \
	{soc/FE_OFC292_iomem_wdata_25} \
	{soc/FE_OFC291_iomem_wdata_29} \
	{soc/FE_OFC287_iomem_wdata_27} \
	{soc/FE_OFC286_iomem_wdata_24} \
	{soc/FE_OFC263_iomem_wstrb_3} \
	{soc/cpu/FE_OFC2912_reg_op1_31} \
	{soc/cpu/FE_OFC2687_reg_op2_3} \
	{soc/cpu/FE_OFC1845_n_2024} \
	{soc/cpu/FE_OFC1750_n_2028} \
	{soc/cpu/FE_OFC1140_mem_rdata_latched_6} \
	{soc/cpu/FE_OFC1063_n_216} \
	{soc/cpu/FE_OFC1056_n_235} \
	{soc/cpu/FE_OFC1000_n_232} \
	{soc/cpu/FE_OFC878_n_4622} \
	{soc/cpu/FE_OFC405_cpuregs_rs1_8} \
	{soc/cpu/FE_OFC404_cpuregs_rs1_4} \
	{soc/cpu/FE_OFC403_cpuregs_rs1_9} \
	{soc/cpu/FE_OFC402_cpuregs_rs1_31} \
	{soc/cpu/FE_OFC401_cpuregs_rs1_30} \
	{soc/cpu/FE_OFC400_cpuregs_rs1_23} \
	{soc/cpu/FE_OFC399_cpuregs_rs1_13} \
	{soc/cpu/FE_OFC398_cpuregs_rs1_25} \
	{soc/cpu/FE_OFC397_cpuregs_rs1_10} \
	{soc/cpu/FE_OFC396_cpuregs_rs1_14} \
	{soc/cpu/FE_OFC394_cpuregs_rs1_26} \
	{soc/cpu/FE_OFC391_cpuregs_rs1_17} \
	{soc/cpu/FE_OFC348_inc_add_382_74_n_56} \
	{soc/cpu/FE_OFC347_inc_add_382_74_n_52} \
	{soc/cpu/FE_OFC346_inc_add_382_74_n_50} \
	{soc/cpu/FE_OFC343_inc_add_382_74_n_54} \
	{soc/cpu/FE_OFC342_inc_add_382_74_n_48} \
	{soc/cpu/FE_OFC338_inc_add_382_74_n_46} \
	{soc/cpu/FE_OFC337_n_7081} \
	{soc/cpu/FE_OFC336_n_7082} \
	{soc/cpu/FE_OFC333_n_7085} \
	{soc/cpu/FE_OFC332_n_7084} \
	{soc/cpu/FE_OFC319_cpuregs_rs1_5} \
	{soc/cpu/FE_OFC313_cpuregs_rs1_18} \
	{soc/cpu/FE_OFC312_cpuregs_rs1_12} \
	{soc/cpu/FE_OFC311_cpuregs_rs1_16} \
	{soc/cpu/FE_OFC310_cpuregs_rs1_24} \
	{soc/cpu/FE_OFC309_cpuregs_rs1_21} \
	{soc/cpu/FE_OFC308_cpuregs_rs1_22} \
	{soc/cpu/FE_OFC252_decoded_imm_13} \
	{soc/cpu/FE_OFC251_decoded_imm_14} \
	{soc/cpu/FE_OFC248_decoded_imm_17} \
	{soc/cpu/FE_OFC247_decoded_imm_28} \
	{soc/cpu/FE_OFC246_decoded_imm_18} \
	{soc/cpu/FE_OFC244_decoded_imm_24} \
	{soc/cpu/FE_OFC243_decoded_imm_25} \
	{soc/cpu/FE_OFC241_decoded_imm_26} \
	{soc/cpu/FE_OFC239_decoded_imm_29} \
	{soc/cpu/FE_OFC238_decoded_imm_21} \
	{soc/cpu/FE_OFC237_decoded_imm_27} \
	{soc/cpu/FE_OFC235_decoded_imm_20} \
	{soc/cpu/FE_OFC219_decoded_imm_30} \
	{soc/cpu/FE_OFC194_inc_add_1568_34_n_122} \
	{soc/cpu/FE_OFC170_decoded_imm_31} \
	{soc/cpu/FE_OFC143_pcpi_div_wait} \
	{soc/cpu/FE_OFC135_n_7064} \
	{soc/cpu/FE_OFC132_n_7067} \
	{soc/cpu/FE_OFC129_n_7061} \
	{soc/cpu/FE_OFC115_n_7065} \
	{soc/cpu/FE_OFC114_reg_op2_7} \
	{soc/cpu/FE_OFC108_decoded_rd_1} \
	{soc/cpu/FE_OFC90_pcpi_mul_rd_9} \
	{soc/cpu/FE_OFC84_pcpi_div_rd_11} \
	{soc/cpu/FE_OFC80_n_7057} \
	{soc/cpu/FE_OFC76_n_7062} \
	{soc/cpu/FE_OFC75_pcpi_mul_rd_10} \
	{soc/cpu/FE_OFC69_add_1810_23_n_3} \
	{soc/cpu/FE_OFC9_cpuregs_rs1_20} \
	{soc/cpu/RC_CG_HIER_INST430/FE_OFC242_n_6987} \
	{soc/cpu/genblk1.pcpi_mul/FE_OFC2634_n_10} \
	{soc/cpu/genblk2.pcpi_div/FE_OFC81_pcpi_insn_12__14731} \
	{soc/memory/FE_OFC2678_iomem_wdata_28} \
	{soc/memory/FE_OFC2670_iomem_wdata_31} \
	{soc/memory/FE_OFC193_iomem_addr_9} \
	{soc/spimemio/xfer/FE_OFC147_n_137} \
	{drc_bufs} \
	]

## Summary: 
#########################################################
## Number of Placed Instances = 25851
##   of which 4 are fixed.
## Number of Unplaced Instances = 0
## Placement Density:28.31%(88766/313515)
## Placement Density (including fixed std cells):28.31%(88766/313515)
