============================================================
  Generated by:           Genus(TM) Synthesis Solution 21.10-p002_1
  Generated on:           Apr 06 2026  11:58:50 am
  Module:                 et4351
  Technology libraries:   slow_vdd1v0 1.0
                          saed32sram_ss0p95vn40c 1.0000000
                          physical_cells 
  Operating conditions:   PVT_0P9V_125C 
  Interconnect mode:      global
  Area mode:              physical library
============================================================

                                                   Wire      Wire   Wireload 
               Net               Loads   Drivers Cap(fF) Res(k-ohm)    Model 
-----------------------------------------------------------------------------
accel/mem/n_470                     45         1    86.5      0.157          
accel/n_64                          45         1    86.5      0.157          
accel/fft/n_32                      44         1    84.6      0.154          
accel/fft/n_687                     44         1    84.6      0.154          
accel/fft/n_688                     44         1    84.6      0.154          
accel/fft/n_690                     44         1    84.6      0.154          
accel/fft/n_692                     44         1    84.6      0.154          
accel/fft/n_694                     44         1    84.6      0.154          
accel/fft/n_86                      43         1    82.7      0.150          
accel/mem/n_330                     43         1    82.7      0.150          
accel/mem/n_354                     43         1    82.7      0.150          
accel/mem/n_259                     42         1    80.8      0.147          
accel/mem/n_278                     42         1    80.8      0.147          
accel/mem/n_351                     42         1    80.8      0.147          
accel/mem/n_480                     42         1    80.8      0.147          
soc/cpu/genblk1.pcpi_mul/n_8        42         1    80.8      0.147          
soc/cpu/sra_1240_79_n_9             42         1    80.8      0.147          
accel/mem/n_114                     41         1    79.0      0.143          
accel/mem/n_261                     41         1    79.0      0.143          
accel/mem/n_353                     41         1    79.0      0.143          
soc/cpu/genblk1.pcpi_mul/n_262      41         1    79.0      0.143          
soc/cpu/n_27                        41         1    79.0      0.143          
accel/fft/n_239                     40         1    77.1      0.140          
accel/fft/n_307                     40         1    77.1      0.140          
accel/fft/n_308                     40         1    77.1      0.140          
accel/mem/n_118                     40         1    77.1      0.140          
accel/mem/n_121                     40         1    77.1      0.140          
accel/mem/n_124                     40         1    77.1      0.140          
accel/mem/n_127                     40         1    77.1      0.140          
accel/mem/n_130                     40         1    77.1      0.140          
accel/mem/n_133                     40         1    77.1      0.140          
accel/mem/n_136                     40         1    77.1      0.140          
accel/mem/n_139                     40         1    77.1      0.140          
accel/mem/n_142                     40         1    77.1      0.140          
accel/mem/n_145                     40         1    77.1      0.140          
accel/mem/n_148                     40         1    77.1      0.140          
accel/mem/n_151                     40         1    77.1      0.140          
accel/mem/n_154                     40         1    77.1      0.140          
accel/mem/n_157                     40         1    77.1      0.140          
accel/mem/n_160                     40         1    77.1      0.140          
accel/mem/n_163                     40         1    77.1      0.140          
accel/mem/n_166                     40         1    77.1      0.140          
accel/mem/n_169                     40         1    77.1      0.140          
accel/mem/n_172                     40         1    77.1      0.140          
accel/mem/n_175                     40         1    77.1      0.140          
accel/mem/n_178                     40         1    77.1      0.140          
accel/mem/n_181                     40         1    77.1      0.140          
accel/mem/n_184                     40         1    77.1      0.140          
accel/mem/n_187                     40         1    77.1      0.140          
accel/mem/n_190                     40         1    77.1      0.140          
