============================================================
  Generated by:           Genus(TM) Synthesis Solution 21.10-p002_1
  Generated on:           Apr 06 2026  11:58:49 am
  Module:                 et4351
  Technology libraries:   slow_vdd1v0 1.0
                          saed32sram_ss0p95vn40c 1.0000000
                          physical_cells 
  Operating conditions:   PVT_0P9V_125C 
  Interconnect mode:      global
  Area mode:              physical library
============================================================

Timing
--------

  Clock    Period  
-------------------
clk        83330.0 
flash_clk 166660.0 


        Cost          Critical         Violating 
       Group         Path Slack  TNS     Paths   
-------------------------------------------------
cg_enable_group_clk     34172.5   0.0          0 
clk                     32243.1   0.0          0 
default                No paths   0.0            
flash_clk               34941.8   0.0          0 
-------------------------------------------------
Total                             0.0          0 

Instance Count
--------------
Leaf Instance Count             25405 
Physical Instance count             0 
Sequential Instance Count        6525 
Combinational Instance Count    18880 
Hierarchical Instance Count       521 

Area
----
Cell Area                          136867.921
Physical Cell Area                 0.000
Total Cell Area (Cell+Physical)    136867.921
Net Area                           32159.064
Total Area (Cell+Physical+Net)     169026.985

Max Fanout                         997 (clk)
Min Fanout                         0 (iomem_addr_0_)
Average Fanout                     2.5
Terms to net ratio                 3.5081
Terms to instance ratio            3.7873
Runtime                            1112.0308570000002 seconds
Elapsed Runtime                    1122 seconds
Genus peak memory usage            1627.68 
Innovus peak memory usage          no_value 
Hostname                           et4351.ewi.tudelft.nl
