============================================================
  Generated by:           Genus(TM) Synthesis Solution 21.10-p002_1
  Generated on:           Apr 06 2026  11:58:46 am
  Module:                 et4351
  Technology libraries:   slow_vdd1v0 1.0
                          saed32sram_ss0p95vn40c 1.0000000
                          physical_cells 
  Operating conditions:   PVT_0P9V_125C 
  Interconnect mode:      global
  Area mode:              physical library
============================================================

                                      
     Gate       Instances     Area             Library          
----------------------------------------------------------------
ADDFHX2HVT             20     164.160    slow_vdd1v0            
ADDFX1HVT            1189    6099.570    slow_vdd1v0            
ADDFX2HVT              76     597.816    slow_vdd1v0            
ADDHX1HVT             366    1376.892    slow_vdd1v0            
ADDHX2HVT              93     477.090    slow_vdd1v0            
AND2X1HVT            1969    2693.592    slow_vdd1v0            
AND2X2HVT             350     598.500    slow_vdd1v0            
AND2X4HVT             103     281.808    slow_vdd1v0            
AND2X6HVT              25      94.050    slow_vdd1v0            
AND2X8HVT              44     195.624    slow_vdd1v0            
AND3X1HVT             332     794.808    slow_vdd1v0            
AND3X2HVT              14      38.304    slow_vdd1v0            
AND3X4HVT              15      46.170    slow_vdd1v0            
AND3X6HVT               2       8.892    slow_vdd1v0            
AND3X8HVT               2      10.260    slow_vdd1v0            
AND4X1HVT             182     435.708    slow_vdd1v0            
AND4X2HVT               9      27.702    slow_vdd1v0            
AND4X4HVT               4      15.048    slow_vdd1v0            
AO21X1HVT             436    1043.784    slow_vdd1v0            
AO21X2HVT             259     708.624    slow_vdd1v0            
AO21X4HVT              10      34.200    slow_vdd1v0            
AO22X1HVT            2863    7833.168    slow_vdd1v0            
AO22X2HVT              21      64.638    slow_vdd1v0            
AO22X4HVT               1       3.762    slow_vdd1v0            
AOI211X4HVT             1       6.498    slow_vdd1v0            
AOI21X4HVT             12      61.560    slow_vdd1v0            
AOI222X4HVT             6      57.456    slow_vdd1v0            
AOI22X4HVT            314    1932.984    slow_vdd1v0            
AOI2BB1X2HVT           42     129.276    slow_vdd1v0            
AOI2BB1X4HVT            2       8.208    slow_vdd1v0            
BUFX12HVT              27     138.510    slow_vdd1v0            
BUFX16HVT              10      68.400    slow_vdd1v0            
BUFX2HVT               43      73.530    slow_vdd1v0            
BUFX3HVT                6      12.312    slow_vdd1v0            
BUFX4HVT                4       9.576    slow_vdd1v0            
BUFX6HVT                5      15.390    slow_vdd1v0            
BUFX8HVT                4      15.048    slow_vdd1v0            
CLKAND2X12HVT         116     872.784    slow_vdd1v0            
CLKAND2X3HVT            1       3.078    slow_vdd1v0            
CLKAND2X8HVT            1       5.814    slow_vdd1v0            
CLKBUFX16HVT           11      75.240    slow_vdd1v0            
CLKBUFX20HVT           22     180.576    slow_vdd1v0            
CLKBUFX6HVT             2       6.156    slow_vdd1v0            
CLKINVX12HVT          173     709.992    slow_vdd1v0            
CLKINVX16HVT          153     837.216    slow_vdd1v0            
CLKINVX20HVT          146     948.708    slow_vdd1v0            
CLKINVX3HVT             3       5.130    slow_vdd1v0            
CLKINVX4HVT            61     104.310    slow_vdd1v0            
CLKINVX6HVT            95     227.430    slow_vdd1v0            
CLKINVX8HVT            32      98.496    slow_vdd1v0            
CLKMX2X2HVT           224     689.472    slow_vdd1v0            
CLKMX2X3HVT             1       4.104    slow_vdd1v0            
CLKMX2X4HVT             1       4.104    slow_vdd1v0            
CLKXOR2X1HVT           78     213.408    slow_vdd1v0            
CLKXOR2X2HVT           34     116.280    slow_vdd1v0            
DFFHQX1HVT            485    2653.920    slow_vdd1v0            
DFFHQX2HVT              4      27.360    slow_vdd1v0            
DFFHQX4HVT             36     295.488    slow_vdd1v0            
DFFHQX8HVT             71     655.614    slow_vdd1v0            
DFFNSRX1HVT             4      36.936    slow_vdd1v0            
DFFQX2HVT            4566   29669.868    slow_vdd1v0            
DFFQX4HVT             137     983.934    slow_vdd1v0            
DFFRHQX1HVT            31     190.836    slow_vdd1v0            
DFFRHQX4HVT            26     248.976    slow_vdd1v0            
DFFRX1HVT              11      75.240    slow_vdd1v0            
DFFRX2HVT              90     677.160    slow_vdd1v0            
DFFRX4HVT              12     114.912    slow_vdd1v0            
DFFSHQX1HVT            10      64.980    slow_vdd1v0            
DFFSHQX2HVT             4      32.832    slow_vdd1v0            
DFFSHQX8HVT             1      10.602    slow_vdd1v0            
DFFSX2HVT               1      10.260    slow_vdd1v0            
DFFSX4HVT               1      10.944    slow_vdd1v0            
DFFTRX1HVT             77     632.016    slow_vdd1v0            
DFFTRX2HVT            231    1896.048    slow_vdd1v0            
DFFTRX4HVT              2      21.888    slow_vdd1v0            
DFFX1HVT               74     531.468    slow_vdd1v0            
DFFX2HVT               55     451.440    slow_vdd1v0            
DFFX4HVT                6      55.404    slow_vdd1v0            
EDFFHQX2HVT             3      26.676    slow_vdd1v0            
EDFFX4HVT               1      10.944    slow_vdd1v0            
INVX1HVT              524     358.416    slow_vdd1v0            
INVX20HVT               3      19.494    slow_vdd1v0            
INVX2HVT              322     330.372    slow_vdd1v0            
INVX3HVT              121     165.528    slow_vdd1v0            
INVX4HVT               40      68.400    slow_vdd1v0            
INVX8HVT                1       3.078    slow_vdd1v0            
MDFFHQX2HVT             6      55.404    slow_vdd1v0            
MDFFHQX4HVT            62     572.508    slow_vdd1v0            
MDFFHQX8HVT             8      90.288    slow_vdd1v0            
MX2X1HVT              267     639.198    slow_vdd1v0            
MX3X1HVT                8      41.040    slow_vdd1v0            
MX3X2HVT               14      76.608    slow_vdd1v0            
MX4X1HVT             1445   10872.180    slow_vdd1v0            
MXI2X2HVT              69     306.774    slow_vdd1v0            
MXI2X6HVT               1       5.130    slow_vdd1v0            
MXI2X8HVT               9      55.404    slow_vdd1v0            
MXI4X1HVT              30     215.460    slow_vdd1v0            
NAND2BX2HVT            31      74.214    slow_vdd1v0            
NAND2BX4HVT           128     481.536    slow_vdd1v0            
NAND2X2HVT           1020    1744.200    slow_vdd1v0            
NAND2X4HVT            248     848.160    slow_vdd1v0            
NAND2X6HVT              8      38.304    slow_vdd1v0            
NOR2BX1HVT              1       1.368    slow_vdd1v0            
NOR2BX2HVT            158     432.288    slow_vdd1v0            
NOR2BX4HVT             11      41.382    slow_vdd1v0            
NOR2X1HVT               2       2.052    slow_vdd1v0            
NOR2X2HVT             571     976.410    slow_vdd1v0            
NOR2X4HVT              44     135.432    slow_vdd1v0            
NOR2X6HVT               4      16.416    slow_vdd1v0            
NOR2X8HVT               4      21.888    slow_vdd1v0            
NOR3BX2HVT             30     102.600    slow_vdd1v0            
NOR3BX4HVT              5      29.070    slow_vdd1v0            
NOR3X2HVT              57     155.952    slow_vdd1v0            
OA21X1HVT             144     295.488    slow_vdd1v0            
OA21X2HVT               2       6.156    slow_vdd1v0            
OA22X1HVT             263     629.622    slow_vdd1v0            
OA22X2HVT               7      23.940    slow_vdd1v0            
OAI21X4HVT             20      95.760    slow_vdd1v0            
OAI22X4HVT              1       6.498    slow_vdd1v0            
OAI2BB1X2HVT           53     163.134    slow_vdd1v0            
OAI2BB1X4HVT          240    1067.040    slow_vdd1v0            
OAI31X4HVT              1       6.840    slow_vdd1v0            
OR2X1HVT              689     942.552    slow_vdd1v0            
OR2X2HVT              258     441.180    slow_vdd1v0            
OR2X4HVT               86     235.296    slow_vdd1v0            
OR2X6HVT               60     225.720    slow_vdd1v0            
OR2X8HVT               30     133.380    slow_vdd1v0            
OR3X1HVT               63     129.276    slow_vdd1v0            
OR3X2HVT               82     196.308    slow_vdd1v0            
OR3X4HVT               40     123.120    slow_vdd1v0            
OR3X6HVT                9      43.092    slow_vdd1v0            
OR3X8HVT                2      10.944    slow_vdd1v0            
OR4X1HVT              290     595.080    slow_vdd1v0            
OR4X2HVT               10      34.200    slow_vdd1v0            
OR4X4HVT               35     131.670    slow_vdd1v0            
OR4X6HVT                2      10.944    slow_vdd1v0            
SRAM1RW256x8            4   34535.023    saed32sram_ss0p95vn40c 
TBUFX12HVT              4      45.144    slow_vdd1v0            
TLATNTSCAX2HVT        506    3287.988    slow_vdd1v0            
XNOR2X1HVT            277     663.138    slow_vdd1v0            
XNOR2X2HVT           1008    3102.624    slow_vdd1v0            
XNOR2X4HVT             12      45.144    slow_vdd1v0            
XOR2X4HVT               1       4.104    slow_vdd1v0            
----------------------------------------------------------------
total               25405  136867.921                           


        Library        Instances    Area    Instances % 
--------------------------------------------------------
saed32sram_ss0p95vn40c         4  34535.023         0.0 
slow_vdd1v0                25401 102332.898       100.0 

                                                         
            Type             Instances    Area    Area % 
---------------------------------------------------------
timing_model                         4  34535.023   25.2 
sequential                        6015  40103.946   29.3 
inverter                          1674   3876.570    2.8 
buffer                             134    594.738    0.4 
tristate                             4     45.144    0.0 
clock_gating_integrated_cell       506   3287.988    2.4 
logic                            17068  54424.512   39.8 
physical_cells                       0      0.000    0.0 
---------------------------------------------------------
total                            25405 136867.921  100.0 

