#                          Technology and LEF layer map
# Design "et4351"
#
# Technology and LEF layers are mapped automatically by innovus.
# If a user needs customised mapping, specify a layermap file. Layermap file
# is specified using command "setExtractRCMode -lefTechFileMap <layermapFile>".
#

# Mapping of layers are from <lefLayer> to <techLayer>

extraction_setup \
	-technology_layer_map \
		Poly         polycide \
		Cont         cont \
		Metal1       metal_1 \
		Via1         via_1 \
		Metal2       metal_2 \
		Via2         via_2 \
		Metal3       metal_3 \
		Via3         via_3 \
		Metal4       metal_4 \
		Via4         via_4 \
		Metal5       metal_5 \
		Via5         via_5 \
		Metal6       metal_6 \
		Via6         via_6 \
		Metal7       metal_7 \
		Via7         via_7 \
		Metal8       metal_8 \
		Via8         via_8 \
		Metal9       metal_9 \
		Via9         via_9 \
		Metal10      metal_10 \
		Via10        via_10 \
		Metal11      metal_11 \


# Lef file might contain multiple masterslice layers. Only one is printed in log file.
# Innovus does not distinguish between masterslice layers in IQuantus extraction.


# Technology File: "/home/nfs/vrameshselvam/final_iteration/pnr/checkpoints/et4351_route.enc.dat/libs/mmmc/rc/gpdk045.tch"

#
# This file was generated by Innovus v21.11-s130_1 on Thu Apr  9 20:50:29 2026

