
Cadence Innovus(TM) Implementation System.
Copyright 2021 Cadence Design Systems, Inc. All rights reserved worldwide.

Version:	v21.11-s130_1, built Thu Aug 19 16:59:56 PDT 2021
Options:	-log extLogDir/IQuantus_06-Apr-2026_14:47:41_3801737_mJpUJs/extr.et4351.4.parallel_processing_2.log -noMultiCpuLicCheckout -DP -x 0001B027D7... -edpId 2 -edpHost et4351.ewi.tudelft.nl -edpPort 60595 -nowin -nologv -init /home/nfs/jfirtafoes/EE09/pnr/.3801737_soce_slave_2 
Date:		Mon Apr  6 15:01:56 2026
Host:		et4351.ewi.tudelft.nl (x86_64 w/Linux 4.18.0-553.111.1.el8_10.x86_64) (1core*64cpus*AMD EPYC 7702P 64-Core Processor 512KB)
OS:		Red Hat Enterprise Linux release 8.10 (Ootpa)

License:
		[15:01:56.316818] Configured Lic search path (20.02-p002): 27012@flexserv1.tudelft.nl:27017@flexserv1.tudelft.nl

		Running innovus (-x) with Innovus_Impl_System capability.
The soft stacksize limit is either up to the hard limit or larger than 0.2% of RAM. No change is needed.

**INFO:  MMMC transition support version v31-84 

<CMD> set_global _enable_mmmc_by_default_flow      $CTE::mmmc_default
<CMD> suppressMessage ENCEXT-2799
Sourcing file "/home/nfs/jfirtafoes/EE09/pnr/.3801737_soce_slave_2" ...
<CMD> setLimitedAccessFeature invsHierModuleModel 1
**WARN: (IMPSE-524):	The feature invsHierModuleModel is now a Production feature. The use of 'setLimitedAccessFeature invsHierModuleModel 1' is no longer required.
EDP: start server on et4351.ewi.tudelft.nl:33903
Mon Apr  6 15:02:20 2026: Successfully connected to the master.
sending server data to client et4351.ewi.tudelft.nl 33903 2 1289086 

Started sub-activity 2 out of 4 for Extraction...

INFO (EXTIQUANTUS-101) : 
  Integrated Quantus - 64-bit Parasitic Extractor - Version 20.1.2-s578
-------------------------------------------------------------------------
               Copyright 2021 Cadence Design Systems, Inc.


INFO (EXTIQUANTUS-103) : Starting at 2026-Apr-06 15:02:21 (2026-Apr-06 13:02:21 GMT).

INFO (EXTIQUANTUS-159) : Loading technology data from file:
 
/data/Cadence/gpdk045_v60/gsclib045_svt_v4.7/gsclib045_tech/qrc/qx/gpdk045.tch

INFO (EXTIQUANTUS-289) : Loading RCgen extraction models from file:
 
/data/Cadence/gpdk045_v60/gsclib045_svt_v4.7/gsclib045_tech/qrc/qx/gpdk045.tch

INFO (EXTIQUANTUS-345) : Checking Command/Tech/License Files. 

INFO (EXTIQUANTUS-105) : Starting design extraction....

INFO (EXTIQUANTUS-282) : Checking Command/Tech Files. 

INFO (EXTIQUANTUS-277) : Manufacturing Data Information :- 
  DEF/GDS file 
    does NOT contain MetalFill data. 
  Techfile  
    does NOT contain WEE data.     
    does NOT contain Erosion data t=f( density ) 
    does NOT contain R(w) data.    
    does NOT contain R(w, s) data.  
    does NOT contain TC(w) data.    
    does NOT contain T/B enlargement data. 
    does     contain Floating Metal Fill models. 

INFO (EXTIQUANTUS-287) : Capacitance Models Information :- 
 ICECAPS models are not available. 
 RCgen   models are     available. 
 This IQuantus session uses RCgen models.

INFO (EXTIQUANTUS-286) : RCs effects computed for this session include :- 
 MetalFill        : OFF 
 WEE Effects      : n/a 
 Erosion Effects  : n/a t=f( density ) 
 T/B Enlargements : n/a 
 R(w) Effects     : n/a 
 R(w,s) Effects   : n/a 
 TC(w) Effects     : n/a 
Some effects indicate n/a because of non-availability of relevantinput data
(or) requested to be off (and/or) usage of older Icecaps models.

INFO (EXTHPY-103) : Extracting capacitance values.

INFO (EXTHPY-104) :    0%

INFO (EXTHPY-104) :    9%

INFO (EXTHPY-104) :    18%

INFO (EXTHPY-104) :    27%

INFO (EXTHPY-104) :    36%

INFO (EXTHPY-104) :    45%

INFO (EXTHPY-104) :    55%

INFO (EXTHPY-104) :    64%

INFO (EXTHPY-104) :    73%

INFO (EXTHPY-104) :    82%

INFO (EXTHPY-104) :    91%

INFO (EXTHPY-104) :    100%

Ending at 2026-Apr-06 15:02:33 (2026-Apr-06 13:02:33 GMT).
  Executed by:           jfirtafoes
  Execution host:        et4351.ewi.tudelft.nl
  Run duration:          00:00:12 CPU time, 00:00:12 clock time
  Memory used:           8161 Mb

  Warning messages:      0
  Error messages:        0
  Fatal error messages:  0

Exit code 0.
IQuantus exited successfully.
Sub-activity 2 of Extraction Successfully Completed.

*** Memory Usage v#1 (Current mem = 4405.355M, initial mem = 1330.535M) ***
*** Message Summary: 1 warning(s), 0 error(s)

--- Ending "Innovus" (totcpu=0:00:32.2, real=0:00:45.0, mem=4405.4M) ---
