============================================================
  Generated by:           Genus(TM) Synthesis Solution 21.10-p002_1
  Generated on:           Apr 07 2026  04:11:08 pm
  Module:                 et4351
  Technology libraries:   slow_vdd1v2 1.0
                          saed32sram_ss0p95vn40c 1.0000000
                          physical_cells 
  Operating conditions:   PVT_1P08V_125C 
  Interconnect mode:      global
  Area mode:              physical library
============================================================

Timing
--------

  Clock    Period 
------------------
clk       16000.0 
flash_clk 32000.0 


   Cost     Critical         Violating 
  Group    Path Slack  TNS     Paths   
---------------------------------------
clk            3276.4   0.0          0 
default      No paths   0.0            
flash_clk      2352.4   0.0          0 
---------------------------------------
Total                   0.0          0 

Instance Count
--------------
Leaf Instance Count             29586 
Physical Instance count             0 
Sequential Instance Count        7229 
Combinational Instance Count    22357 
Hierarchical Instance Count        15 

Area
----
Cell Area                          141005.779
Physical Cell Area                 0.000
Total Cell Area (Cell+Physical)    141005.779
Net Area                           41946.406
Total Area (Cell+Physical+Net)     182952.185

Floorplan Utilization              30.05%
Max Fanout                         7229 (clk)
Min Fanout                         0 (iomem_addr_0_)
Average Fanout                     2.8
Terms to net ratio                 3.7614
Terms to instance ratio            4.1243
Runtime                            935.868615 seconds
Elapsed Runtime                    947 seconds
Genus peak memory usage            1805.77 
Innovus peak memory usage          no_value 
Hostname                           et4351.ewi.tudelft.nl
